Archive member included to satisfy reference by file (symbol)

/home/florianfrank/.eclipse/com.st.stm32cube.ide.mcu.rcp.product_1.5.0_1935173080_linux_gtk_x86_64/plugins/com.st.stm32cube.ide.mcu.externaltools.gnu-tools-for-stm32.9-2020-q2-update.linux64_1.5.0.202011040924/tools/bin/../lib/gcc/arm-none-eabi/9.3.1/../../../../arm-none-eabi/lib/thumb/v7e-m+fp/hard/libc.a(lib_a-exit.o)
                              /home/florianfrank/.eclipse/com.st.stm32cube.ide.mcu.rcp.product_1.5.0_1935173080_linux_gtk_x86_64/plugins/com.st.stm32cube.ide.mcu.externaltools.gnu-tools-for-stm32.9-2020-q2-update.linux64_1.5.0.202011040924/tools/bin/../lib/gcc/arm-none-eabi/9.3.1/../../../../arm-none-eabi/lib/thumb/v7e-m+fp/hard/rdimon-crt0.o (exit)
/home/florianfrank/.eclipse/com.st.stm32cube.ide.mcu.rcp.product_1.5.0_1935173080_linux_gtk_x86_64/plugins/com.st.stm32cube.ide.mcu.externaltools.gnu-tools-for-stm32.9-2020-q2-update.linux64_1.5.0.202011040924/tools/bin/../lib/gcc/arm-none-eabi/9.3.1/../../../../arm-none-eabi/lib/thumb/v7e-m+fp/hard/libc.a(lib_a-impure.o)
                              /home/florianfrank/.eclipse/com.st.stm32cube.ide.mcu.rcp.product_1.5.0_1935173080_linux_gtk_x86_64/plugins/com.st.stm32cube.ide.mcu.externaltools.gnu-tools-for-stm32.9-2020-q2-update.linux64_1.5.0.202011040924/tools/bin/../lib/gcc/arm-none-eabi/9.3.1/../../../../arm-none-eabi/lib/thumb/v7e-m+fp/hard/libc.a(lib_a-exit.o) (_global_impure_ptr)
/home/florianfrank/.eclipse/com.st.stm32cube.ide.mcu.rcp.product_1.5.0_1935173080_linux_gtk_x86_64/plugins/com.st.stm32cube.ide.mcu.externaltools.gnu-tools-for-stm32.9-2020-q2-update.linux64_1.5.0.202011040924/tools/bin/../lib/gcc/arm-none-eabi/9.3.1/../../../../arm-none-eabi/lib/thumb/v7e-m+fp/hard/libc.a(lib_a-init.o)
                              /home/florianfrank/.eclipse/com.st.stm32cube.ide.mcu.rcp.product_1.5.0_1935173080_linux_gtk_x86_64/plugins/com.st.stm32cube.ide.mcu.externaltools.gnu-tools-for-stm32.9-2020-q2-update.linux64_1.5.0.202011040924/tools/bin/../lib/gcc/arm-none-eabi/9.3.1/../../../../arm-none-eabi/lib/thumb/v7e-m+fp/hard/rdimon-crt0.o (__libc_init_array)
/home/florianfrank/.eclipse/com.st.stm32cube.ide.mcu.rcp.product_1.5.0_1935173080_linux_gtk_x86_64/plugins/com.st.stm32cube.ide.mcu.externaltools.gnu-tools-for-stm32.9-2020-q2-update.linux64_1.5.0.202011040924/tools/bin/../lib/gcc/arm-none-eabi/9.3.1/../../../../arm-none-eabi/lib/thumb/v7e-m+fp/hard/libc.a(lib_a-memcpy-stub.o)
                              Src/tud_seceng.o (memcpy)
/home/florianfrank/.eclipse/com.st.stm32cube.ide.mcu.rcp.product_1.5.0_1935173080_linux_gtk_x86_64/plugins/com.st.stm32cube.ide.mcu.externaltools.gnu-tools-for-stm32.9-2020-q2-update.linux64_1.5.0.202011040924/tools/bin/../lib/gcc/arm-none-eabi/9.3.1/../../../../arm-none-eabi/lib/thumb/v7e-m+fp/hard/libc.a(lib_a-memset.o)
                              /home/florianfrank/.eclipse/com.st.stm32cube.ide.mcu.rcp.product_1.5.0_1935173080_linux_gtk_x86_64/plugins/com.st.stm32cube.ide.mcu.externaltools.gnu-tools-for-stm32.9-2020-q2-update.linux64_1.5.0.202011040924/tools/bin/../lib/gcc/arm-none-eabi/9.3.1/../../../../arm-none-eabi/lib/thumb/v7e-m+fp/hard/rdimon-crt0.o (memset)
/home/florianfrank/.eclipse/com.st.stm32cube.ide.mcu.rcp.product_1.5.0_1935173080_linux_gtk_x86_64/plugins/com.st.stm32cube.ide.mcu.externaltools.gnu-tools-for-stm32.9-2020-q2-update.linux64_1.5.0.202011040924/tools/bin/../lib/gcc/arm-none-eabi/9.3.1/../../../../arm-none-eabi/lib/thumb/v7e-m+fp/hard/libc.a(lib_a-printf.o)
                              Src/tud_seceng.o (printf)
/home/florianfrank/.eclipse/com.st.stm32cube.ide.mcu.rcp.product_1.5.0_1935173080_linux_gtk_x86_64/plugins/com.st.stm32cube.ide.mcu.externaltools.gnu-tools-for-stm32.9-2020-q2-update.linux64_1.5.0.202011040924/tools/bin/../lib/gcc/arm-none-eabi/9.3.1/../../../../arm-none-eabi/lib/thumb/v7e-m+fp/hard/libc.a(lib_a-sprintf.o)
                              Src/tud_seceng.o (sprintf)
/home/florianfrank/.eclipse/com.st.stm32cube.ide.mcu.rcp.product_1.5.0_1935173080_linux_gtk_x86_64/plugins/com.st.stm32cube.ide.mcu.externaltools.gnu-tools-for-stm32.9-2020-q2-update.linux64_1.5.0.202011040924/tools/bin/../lib/gcc/arm-none-eabi/9.3.1/../../../../arm-none-eabi/lib/thumb/v7e-m+fp/hard/libc.a(lib_a-strlen.o)
                              Src/tud_seceng.o (strlen)
/home/florianfrank/.eclipse/com.st.stm32cube.ide.mcu.rcp.product_1.5.0_1935173080_linux_gtk_x86_64/plugins/com.st.stm32cube.ide.mcu.externaltools.gnu-tools-for-stm32.9-2020-q2-update.linux64_1.5.0.202011040924/tools/bin/../lib/gcc/arm-none-eabi/9.3.1/../../../../arm-none-eabi/lib/thumb/v7e-m+fp/hard/libc.a(lib_a-strtok.o)
                              Src/tud_seceng.o (strtok)
[...]
Memory Configuration

Name             Origin             Length             Attributes
RAM              0x0000000020000000 0x0000000000030000 xrw
CCMRAM           0x0000000010000000 0x0000000000010000 rw
FLASH            0x0000000008000000 0x0000000000200000 xr
*default*        0x0000000000000000 0xffffffffffffffff

Linker script and memory map

LOAD /home/florianfrank/.eclipse/com.st.stm32cube.ide.mcu.rcp.product_1.5.0_1935173080_linux_gtk_x86_64/plugins/com.st.stm32cube.ide.mcu.externaltools.gnu-tools-for-stm32.9-2020-q2-update.linux64_1.5.0.202011040924/tools/bin/../lib/gcc/arm-none-eabi/9.3.1/thumb/v7e-m+fp/hard/crti.o
LOAD /home/florianfrank/.eclipse/com.st.stm32cube.ide.mcu.rcp.product_1.5.0_1935173080_linux_gtk_x86_64/plugins/com.st.stm32cube.ide.mcu.externaltools.gnu-tools-for-stm32.9-2020-q2-update.linux64_1.5.0.202011040924/tools/bin/../lib/gcc/arm-none-eabi/9.3.1/thumb/v7e-m+fp/hard/crtbegin.o
LOAD /home/florianfrank/.eclipse/com.st.stm32cube.ide.mcu.rcp.product_1.5.0_1935173080_linux_gtk_x86_64/plugins/com.st.stm32cube.ide.mcu.externaltools.gnu-tools-for-stm32.9-2020-q2-update.linux64_1.5.0.202011040924/tools/bin/../lib/gcc/arm-none-eabi/9.3.1/../../../../arm-none-eabi/lib/thumb/v7e-m+fp/hard/rdimon-crt0.o
LOAD Drivers/STM32F4xx_HAL_Driver/Src/stm32f4xx_hal.o
LOAD Drivers/STM32F4xx_HAL_Driver/Src/stm32f4xx_hal_cortex.o
LOAD Drivers/STM32F4xx_HAL_Driver/Src/stm32f4xx_hal_dma.o
LOAD Drivers/STM32F4xx_HAL_Driver/Src/stm32f4xx_hal_dma_ex.o
LOAD Drivers/STM32F4xx_HAL_Driver/Src/stm32f4xx_hal_exti.o
LOAD Drivers/STM32F4xx_HAL_Driver/Src/stm32f4xx_hal_flash.o
LOAD Drivers/STM32F4xx_HAL_Driver/Src/stm32f4xx_hal_flash_ex.o
LOAD Drivers/STM32F4xx_HAL_Driver/Src/stm32f4xx_hal_flash_ramfunc.o
LOAD Drivers/STM32F4xx_HAL_Driver/Src/stm32f4xx_hal_gpio.o
LOAD Drivers/STM32F4xx_HAL_Driver/Src/stm32f4xx_hal_pcd.o
LOAD Drivers/STM32F4xx_HAL_Driver/Src/stm32f4xx_hal_pcd_ex.o
LOAD Drivers/STM32F4xx_HAL_Driver/Src/stm32f4xx_hal_pwr.o
LOAD Drivers/STM32F4xx_HAL_Driver/Src/stm32f4xx_hal_pwr_ex.o
LOAD Drivers/STM32F4xx_HAL_Driver/Src/stm32f4xx_hal_rcc.o
LOAD Drivers/STM32F4xx_HAL_Driver/Src/stm32f4xx_hal_rcc_ex.o
LOAD Drivers/STM32F4xx_HAL_Driver/Src/stm32f4xx_hal_spi.o
LOAD Drivers/STM32F4xx_HAL_Driver/Src/stm32f4xx_hal_sram.o
LOAD Drivers/STM32F4xx_HAL_Driver/Src/stm32f4xx_hal_tim.o
LOAD Drivers/STM32F4xx_HAL_Driver/Src/stm32f4xx_hal_tim_ex.o
LOAD Drivers/STM32F4xx_HAL_Driver/Src/stm32f4xx_hal_uart.o
LOAD Drivers/STM32F4xx_HAL_Driver/Src/stm32f4xx_ll_fmc.o
LOAD Drivers/STM32F4xx_HAL_Driver/Src/stm32f4xx_ll_usb.o
LOAD Middlewares/ST/STM32_USB_Device_Library/Class/CDC/Src/usbd_cdc.o
LOAD Middlewares/ST/STM32_USB_Device_Library/Core/Src/usbd_core.o
LOAD Middlewares/ST/STM32_USB_Device_Library/Core/Src/usbd_ctlreq.o
LOAD Middlewares/ST/STM32_USB_Device_Library/Core/Src/usbd_ioreq.o
LOAD Src/fmc.o
LOAD Src/gpio.o
LOAD Src/main.o
LOAD Src/spi.o
LOAD Src/stm32f4xx_hal_msp.o
LOAD Src/stm32f4xx_it.o
LOAD Src/system_stm32f4xx.o
LOAD Src/tud_seceng.o
LOAD Src/usart.o
LOAD Src/usb_device.o
LOAD Src/usbd_cdc_if.o
LOAD Src/usbd_conf.o
LOAD Src/usbd_desc.o
LOAD startup/startup_stm32f429xx.o
START GROUP
LOAD /home/florianfrank/.eclipse/com.st.stm32cube.ide.mcu.rcp.product_1.5.0_1935173080_linux_gtk_x86_64/plugins/com.st.stm32cube.ide.mcu.externaltools.gnu-tools-for-stm32.9-2020-q2-update.linux64_1.5.0.202011040924/tools/bin/../lib/gcc/arm-none-eabi/9.3.1/../../../../arm-none-eabi/lib/thumb/v7e-m+fp/hard/libc.a
LOAD /home/florianfrank/.eclipse/com.st.stm32cube.ide.mcu.rcp.product_1.5.0_1935173080_linux_gtk_x86_64/plugins/com.st.stm32cube.ide.mcu.externaltools.gnu-tools-for-stm32.9-2020-q2-update.linux64_1.5.0.202011040924/tools/bin/../lib/gcc/arm-none-eabi/9.3.1/../../../../arm-none-eabi/lib/thumb/v7e-m+fp/hard/librdimon.a
END GROUP
START GROUP
LOAD /home/florianfrank/.eclipse/com.st.stm32cube.ide.mcu.rcp.product_1.5.0_1935173080_linux_gtk_x86_64/plugins/com.st.stm32cube.ide.mcu.externaltools.gnu-tools-for-stm32.9-2020-q2-update.linux64_1.5.0.202011040924/tools/bin/../lib/gcc/arm-none-eabi/9.3.1/../../../../arm-none-eabi/lib/thumb/v7e-m+fp/hard/libc.a
LOAD /home/florianfrank/.eclipse/com.st.stm32cube.ide.mcu.rcp.product_1.5.0_1935173080_linux_gtk_x86_64/plugins/com.st.stm32cube.ide.mcu.externaltools.gnu-tools-for-stm32.9-2020-q2-update.linux64_1.5.0.202011040924/tools/bin/../lib/gcc/arm-none-eabi/9.3.1/../../../../arm-none-eabi/lib/thumb/v7e-m+fp/hard/libm.a
END GROUP
START GROUP
LOAD /home/florianfrank/.eclipse/com.st.stm32cube.ide.mcu.rcp.product_1.5.0_1935173080_linux_gtk_x86_64/plugins/com.st.stm32cube.ide.mcu.externaltools.gnu-tools-for-stm32.9-2020-q2-update.linux64_1.5.0.202011040924/tools/bin/../lib/gcc/arm-none-eabi/9.3.1/thumb/v7e-m+fp/hard/libgcc.a
LOAD /home/florianfrank/.eclipse/com.st.stm32cube.ide.mcu.rcp.product_1.5.0_1935173080_linux_gtk_x86_64/plugins/com.st.stm32cube.ide.mcu.externaltools.gnu-tools-for-stm32.9-2020-q2-update.linux64_1.5.0.202011040924/tools/bin/../lib/gcc/arm-none-eabi/9.3.1/../../../../arm-none-eabi/lib/thumb/v7e-m+fp/hard/libc.a
END GROUP
START GROUP
LOAD /home/florianfrank/.eclipse/com.st.stm32cube.ide.mcu.rcp.product_1.5.0_1935173080_linux_gtk_x86_64/plugins/com.st.stm32cube.ide.mcu.externaltools.gnu-tools-for-stm32.9-2020-q2-update.linux64_1.5.0.202011040924/tools/bin/../lib/gcc/arm-none-eabi/9.3.1/thumb/v7e-m+fp/hard/libgcc.a
LOAD /home/florianfrank/.eclipse/com.st.stm32cube.ide.mcu.rcp.product_1.5.0_1935173080_linux_gtk_x86_64/plugins/com.st.stm32cube.ide.mcu.externaltools.gnu-tools-for-stm32.9-2020-q2-update.linux64_1.5.0.202011040924/tools/bin/../lib/gcc/arm-none-eabi/9.3.1/../../../../arm-none-eabi/lib/thumb/v7e-m+fp/hard/libc.a
LOAD /home/florianfrank/.eclipse/com.st.stm32cube.ide.mcu.rcp.product_1.5.0_1935173080_linux_gtk_x86_64/plugins/com.st.stm32cube.ide.mcu.externaltools.gnu-tools-for-stm32.9-2020-q2-update.linux64_1.5.0.202011040924/tools/bin/../lib/gcc/arm-none-eabi/9.3.1/../../../../arm-none-eabi/lib/thumb/v7e-m+fp/hard/libnosys.a
END GROUP
START GROUP
LOAD /home/florianfrank/.eclipse/com.st.stm32cube.ide.mcu.rcp.product_1.5.0_1935173080_linux_gtk_x86_64/plugins/com.st.stm32cube.ide.mcu.externaltools.gnu-tools-for-stm32.9-2020-q2-update.linux64_1.5.0.202011040924/tools/bin/../lib/gcc/arm-none-eabi/9.3.1/thumb/v7e-m+fp/hard/libgcc.a
LOAD /home/florianfrank/.eclipse/com.st.stm32cube.ide.mcu.rcp.product_1.5.0_1935173080_linux_gtk_x86_64/plugins/com.st.stm32cube.ide.mcu.externaltools.gnu-tools-for-stm32.9-2020-q2-update.linux64_1.5.0.202011040924/tools/bin/../lib/gcc/arm-none-eabi/9.3.1/../../../../arm-none-eabi/lib/thumb/v7e-m+fp/hard/libc.a
LOAD /home/florianfrank/.eclipse/com.st.stm32cube.ide.mcu.rcp.product_1.5.0_1935173080_linux_gtk_x86_64/plugins/com.st.stm32cube.ide.mcu.externaltools.gnu-tools-for-stm32.9-2020-q2-update.linux64_1.5.0.202011040924/tools/bin/../lib/gcc/arm-none-eabi/9.3.1/../../../../arm-none-eabi/lib/thumb/v7e-m+fp/hard/librdimon.a
END GROUP
LOAD /home/florianfrank/.eclipse/com.st.stm32cube.ide.mcu.rcp.product_1.5.0_1935173080_linux_gtk_x86_64/plugins/com.st.stm32cube.ide.mcu.externaltools.gnu-tools-for-stm32.9-2020-q2-update.linux64_1.5.0.202011040924/tools/bin/../lib/gcc/arm-none-eabi/9.3.1/thumb/v7e-m+fp/hard/crtend.o
LOAD /home/florianfrank/.eclipse/com.st.stm32cube.ide.mcu.rcp.product_1.5.0_1935173080_linux_gtk_x86_64/plugins/com.st.stm32cube.ide.mcu.externaltools.gnu-tools-for-stm32.9-2020-q2-update.linux64_1.5.0.202011040924/tools/bin/../lib/gcc/arm-none-eabi/9.3.1/thumb/v7e-m+fp/hard/crtn.o
                0x0000000020030000                _estack = 0x20030000
                0x0000000000000200                _Min_Heap_Size = 0x200
                0x0000000000000400                _Min_Stack_Size = 0x400

.isr_vector     0x0000000008000000      0x1ac
                0x0000000008000000                . = ALIGN (0x4)
 *(.isr_vector)
 .isr_vector    0x0000000008000000      0x1ac startup/startup_stm32f429xx.o
                0x0000000008000000                g_pfnVectors
                0x00000000080001ac                . = ALIGN (0x4)

.text           0x00000000080001b0     0xc5bc
                0x00000000080001b0                . = ALIGN (0x4)
 *(.text)
 .text          0x00000000080001b0       0x40 /home/florianfrank/.eclipse/com.st.stm32cube.ide.mcu.rcp.product_1.5.0_1935173080_linux_gtk_x86_64/plugins/com.st.stm32cube.ide.mcu.externaltools.gnu-tools-for-stm32.9-2020-q2-update.linux64_1.5.0.202011040924/tools/bin/../lib/gcc/arm-none-eabi/9.3.1/thumb/v7e-m+fp/hard/crtbegin.o
 .text          0x00000000080001f0       0x10 /home/florianfrank/.eclipse/com.st.stm32cube.ide.mcu.rcp.product_1.5.0_1935173080_linux_gtk_x86_64/plugins/com.st.stm32cube.ide.mcu.externaltools.gnu-tools-for-stm32.9-2020-q2-update.linux64_1.5.0.202011040924/tools/bin/../lib/gcc/arm-none-eabi/9.3.1/../../../../arm-none-eabi/lib/thumb/v7e-m+fp/hard/libc.a(lib_a-strlen.o)
                0x00000000080001f0                strlen
 .text          0x0000000008000200       0xa0 /home/florianfrank/.eclipse/com.st.stm32cube.ide.mcu.rcp.product_1.5.0_1935173080_linux_gtk_x86_64/plugins/com.st.stm32cube.ide.mcu.externaltools.gnu-tools-for-stm32.9-2020-q2-update.linux64_1.5.0.202011040924/tools/bin/../lib/gcc/arm-none-eabi/9.3.1/../../../../arm-none-eabi/lib/thumb/v7e-m+fp/hard/libc.a(lib_a-memchr.o)
                0x0000000008000200                memchr
 .text          0x00000000080002a0      0x378 /home/florianfrank/.eclipse/com.st.stm32cube.ide.mcu.rcp.product_1.5.0_1935173080_linux_gtk_x86_64/plugins/com.st.stm32cube.ide.mcu.externaltools.gnu-tools-for-stm32.9-2020-q2-update.linux64_1.5.0.202011040924/tools/bin/../lib/gcc/arm-none-eabi/9.3.1/thumb/v7e-m+fp/hard/libgcc.a(_arm_addsubdf3.o)
                0x00000000080002a0                __aeabi_drsub
                0x00000000080002a8                __aeabi_dsub
                0x00000000080002a8                __subdf3
                0x00000000080002ac                __adddf3
                0x00000000080002ac                __aeabi_dadd
                0x0000000008000524                __aeabi_ui2d
                0x0000000008000524                __floatunsidf
                0x0000000008000544                __floatsidf
                0x0000000008000544                __aeabi_i2d
                0x0000000008000568                __extendsfdf2
                0x0000000008000568                __aeabi_f2d
                0x00000000080005ac                __aeabi_ul2d
                0x00000000080005ac                __floatundidf
                0x00000000080005bc                __floatdidf
                0x00000000080005bc                __aeabi_l2d
 .text          0x0000000008000618      0x424 /home/florianfrank/.eclipse/com.st.stm32cube.ide.mcu.rcp.product_1.5.0_1935173080_linux_gtk_x86_64/plugins/com.st.stm32cube.ide.mcu.externaltools.gnu-tools-for-stm32.9-2020-q2-update.linux64_1.5.0.202011040924/tools/bin/../lib/gcc/arm-none-eabi/9.3.1/thumb/v7e-m+fp/hard/libgcc.a(_arm_muldivdf3.o)
                0x0000000008000618                __aeabi_dmul
                0x0000000008000618                __muldf3
                0x000000000800086c                __aeabi_ddiv
                0x000000000800086c                __divdf3
 .text          0x0000000008000a3c      0x110 /home/florianfrank/.eclipse/com.st.stm32cube.ide.mcu.rcp.product_1.5.0_1935173080_linux_gtk_x86_64/plugins/com.st.stm32cube.ide.mcu.externaltools.gnu-tools-for-stm32.9-2020-q2-update.linux64_1.5.0.202011040924/tools/bin/../lib/gcc/arm-none-eabi/9.3.1/thumb/v7e-m+fp/hard/libgcc.a(_arm_cmpdf2.o)
                0x0000000008000a3c                __gtdf2
                0x0000000008000a3c                __gedf2
                0x0000000008000a44                __ltdf2
                0x0000000008000a44                __ledf2
                0x0000000008000a4c                __cmpdf2
                0x0000000008000a4c                __eqdf2
                0x0000000008000a4c                __nedf2
                0x0000000008000ac8                __aeabi_cdrcmple
                0x0000000008000ad8                __aeabi_cdcmple
                0x0000000008000ad8                __aeabi_cdcmpeq
                0x0000000008000ae8                __aeabi_dcmpeq
                0x0000000008000afc                __aeabi_dcmplt
                0x0000000008000b10                __aeabi_dcmple
                0x0000000008000b24                __aeabi_dcmpge
                0x0000000008000b38                __aeabi_dcmpgt
 .text          0x0000000008000b4c       0x2c /home/florianfrank/.eclipse/com.st.stm32cube.ide.mcu.rcp.product_1.5.0_1935173080_linux_gtk_x86_64/plugins/com.st.stm32cube.ide.mcu.externaltools.gnu-tools-for-stm32.9-2020-q2-update.linux64_1.5.0.202011040924/tools/bin/../lib/gcc/arm-none-eabi/9.3.1/thumb/v7e-m+fp/hard/libgcc.a(_arm_unorddf2.o)
                0x0000000008000b4c                __aeabi_dcmpun
                0x0000000008000b4c                __unorddf2
 .text          0x0000000008000b78       0x50 /home/florianfrank/.eclipse/com.st.stm32cube.ide.mcu.rcp.product_1.5.0_1935173080_linux_gtk_x86_64/plugins/com.st.stm32cube.ide.mcu.externaltools.gnu-tools-for-stm32.9-2020-q2-update.linux64_1.5.0.202011040924/tools/bin/../lib/gcc/arm-none-eabi/9.3.1/thumb/v7e-m+fp/hard/libgcc.a(_arm_fixdfsi.o)
                0x0000000008000b78                __fixdfsi
                0x0000000008000b78                __aeabi_d2iz
 .text          0x0000000008000bc8       0x30 /home/florianfrank/.eclipse/com.st.stm32cube.ide.mcu.rcp.product_1.5.0_1935173080_linux_gtk_x86_64/plugins/com.st.stm32cube.ide.mcu.externaltools.gnu-tools-for-stm32.9-2020-q2-update.linux64_1.5.0.202011040924/tools/bin/../lib/gcc/arm-none-eabi/9.3.1/thumb/v7e-m+fp/hard/libgcc.a(_aeabi_uldivmod.o)
                0x0000000008000bc8                __aeabi_uldivmod
 .text          0x0000000008000bf8      0x2c4 /home/florianfrank/.eclipse/com.st.stm32cube.ide.mcu.rcp.product_1.5.0_1935173080_linux_gtk_x86_64/plugins/com.st.stm32cube.ide.mcu.externaltools.gnu-tools-for-stm32.9-2020-q2-update.linux64_1.5.0.202011040924/tools/bin/../lib/gcc/arm-none-eabi/9.3.1/thumb/v7e-m+fp/hard/libgcc.a(_udivmoddi4.o)
                0x0000000008000bf8                __udivmoddi4
 .text          0x0000000008000ebc        0x4 /home/florianfrank/.eclipse/com.st.stm32cube.ide.mcu.rcp.product_1.5.0_1935173080_linux_gtk_x86_64/plugins/com.st.stm32cube.ide.mcu.externaltools.gnu-tools-for-stm32.9-2020-q2-update.linux64_1.5.0.202011040924/tools/bin/../lib/gcc/arm-none-eabi/9.3.1/thumb/v7e-m+fp/hard/libgcc.a(_dvmd_tls.o)
                0x0000000008000ebc                __aeabi_ldiv0
                0x0000000008000ebc                __aeabi_idiv0
 *(.text*)
 .text.HAL_InitTick
                0x0000000008000ec0       0x48 Drivers/STM32F4xx_HAL_Driver/Src/stm32f4xx_hal.o
                0x0000000008000ec0                HAL_InitTick
 .text.HAL_Init
                0x0000000008000f08       0x34 Drivers/STM32F4xx_HAL_Driver/Src/stm32f4xx_hal.o
                0x0000000008000f08                HAL_Init
 .text.HAL_IncTick
                0x0000000008000f3c       0x18 Drivers/STM32F4xx_HAL_Driver/Src/stm32f4xx_hal.o
                0x0000000008000f3c                HAL_IncTick
 .text.HAL_GetTick
                0x0000000008000f54        0xc Drivers/STM32F4xx_HAL_Driver/Src/stm32f4xx_hal.o
                0x0000000008000f54                HAL_GetTick
 .text.HAL_Delay
                0x0000000008000f60       0x28 Drivers/STM32F4xx_HAL_Driver/Src/stm32f4xx_hal.o
                0x0000000008000f60                HAL_Delay
 .text.HAL_NVIC_SetPriorityGrouping
                0x0000000008000f88       0x24 Drivers/STM32F4xx_HAL_Driver/Src/stm32f4xx_hal_cortex.o
                0x0000000008000f88                HAL_NVIC_SetPriorityGrouping
 .text.HAL_NVIC_SetPriority
                0x0000000008000fac       0x68 Drivers/STM32F4xx_HAL_Driver/Src/stm32f4xx_hal_cortex.o
                0x0000000008000fac                HAL_NVIC_SetPriority
 .text.HAL_NVIC_EnableIRQ
                0x0000000008001014       0x1c Drivers/STM32F4xx_HAL_Driver/Src/stm32f4xx_hal_cortex.o
                0x0000000008001014                HAL_NVIC_EnableIRQ
 .text.HAL_SYSTICK_Config
                0x0000000008001030       0x2c Drivers/STM32F4xx_HAL_Driver/Src/stm32f4xx_hal_cortex.o
                0x0000000008001030                HAL_SYSTICK_Config
 .text.HAL_DMA_Abort
                0x000000000800105c       0x94 Drivers/STM32F4xx_HAL_Driver/Src/stm32f4xx_hal_dma.o
                0x000000000800105c                HAL_DMA_Abort
 .text.HAL_DMA_Abort_IT
                0x00000000080010f0       0x26 Drivers/STM32F4xx_HAL_Driver/Src/stm32f4xx_hal_dma.o
                0x00000000080010f0                HAL_DMA_Abort_IT
 *fill*         0x0000000008001116        0x2 
 .text.HAL_GPIO_Init
                0x0000000008001118      0x1f0 Drivers/STM32F4xx_HAL_Driver/Src/stm32f4xx_hal_gpio.o
                0x0000000008001118                HAL_GPIO_Init
 .text.HAL_GPIO_WritePin
                0x0000000008001308        0xc Drivers/STM32F4xx_HAL_Driver/Src/stm32f4xx_hal_gpio.o
                0x0000000008001308                HAL_GPIO_WritePin
 .text.PCD_WriteEmptyTxFifo
                0x0000000008001314       0xd2 Drivers/STM32F4xx_HAL_Driver/Src/stm32f4xx_hal_pcd.o
 .text.HAL_PCD_Init
                0x00000000080013e6      0x126 Drivers/STM32F4xx_HAL_Driver/Src/stm32f4xx_hal_pcd.o
                0x00000000080013e6                HAL_PCD_Init
 .text.HAL_PCD_Start
                0x000000000800150c       0x42 Drivers/STM32F4xx_HAL_Driver/Src/stm32f4xx_hal_pcd.o
                0x000000000800150c                HAL_PCD_Start
 *fill*         0x000000000800154e        0x2 
 .text.PCD_EP_OutXfrComplete_int
                0x0000000008001550       0xf8 Drivers/STM32F4xx_HAL_Driver/Src/stm32f4xx_hal_pcd.o
 .text.PCD_EP_OutSetupPacket_int
                0x0000000008001648       0x50 Drivers/STM32F4xx_HAL_Driver/Src/stm32f4xx_hal_pcd.o
 .text.HAL_PCD_IRQHandler
                0x0000000008001698      0x4ac Drivers/STM32F4xx_HAL_Driver/Src/stm32f4xx_hal_pcd.o
                0x0000000008001698                HAL_PCD_IRQHandler
 .text.HAL_PCD_SetAddress
                0x0000000008001b44       0x28 Drivers/STM32F4xx_HAL_Driver/Src/stm32f4xx_hal_pcd.o
                0x0000000008001b44                HAL_PCD_SetAddress
 .text.HAL_PCD_EP_Open
                0x0000000008001b6c       0x86 Drivers/STM32F4xx_HAL_Driver/Src/stm32f4xx_hal_pcd.o
                0x0000000008001b6c                HAL_PCD_EP_Open
 .text.HAL_PCD_EP_Close
                0x0000000008001bf2       0x72 Drivers/STM32F4xx_HAL_Driver/Src/stm32f4xx_hal_pcd.o
                0x0000000008001bf2                HAL_PCD_EP_Close
 .text.HAL_PCD_EP_Receive
                0x0000000008001c64       0x5e Drivers/STM32F4xx_HAL_Driver/Src/stm32f4xx_hal_pcd.o
                0x0000000008001c64                HAL_PCD_EP_Receive
 .text.HAL_PCD_EP_GetRxCount
                0x0000000008001cc2       0x12 Drivers/STM32F4xx_HAL_Driver/Src/stm32f4xx_hal_pcd.o
                0x0000000008001cc2                HAL_PCD_EP_GetRxCount
 .text.HAL_PCD_EP_Transmit
                0x0000000008001cd4       0x56 Drivers/STM32F4xx_HAL_Driver/Src/stm32f4xx_hal_pcd.o
                0x0000000008001cd4                HAL_PCD_EP_Transmit
 .text.HAL_PCD_EP_SetStall
                0x0000000008001d2a       0x88 Drivers/STM32F4xx_HAL_Driver/Src/stm32f4xx_hal_pcd.o
                0x0000000008001d2a                HAL_PCD_EP_SetStall
 .text.HAL_PCD_EP_ClrStall
                0x0000000008001db2       0x76 Drivers/STM32F4xx_HAL_Driver/Src/stm32f4xx_hal_pcd.o
                0x0000000008001db2                HAL_PCD_EP_ClrStall
 .text.HAL_PCDEx_SetTxFiFo
                0x0000000008001e28       0x48 Drivers/STM32F4xx_HAL_Driver/Src/stm32f4xx_hal_pcd_ex.o
                0x0000000008001e28                HAL_PCDEx_SetTxFiFo
 .text.HAL_PCDEx_SetRxFiFo
                0x0000000008001e70        0x8 Drivers/STM32F4xx_HAL_Driver/Src/stm32f4xx_hal_pcd_ex.o
                0x0000000008001e70                HAL_PCDEx_SetRxFiFo
 .text.HAL_PCDEx_LPM_Callback
                0x0000000008001e78        0x2 Drivers/STM32F4xx_HAL_Driver/Src/stm32f4xx_hal_pcd_ex.o
                0x0000000008001e78                HAL_PCDEx_LPM_Callback
 *fill*         0x0000000008001e7a        0x2 
 .text.HAL_RCC_OscConfig
                0x0000000008001e7c      0x3f8 Drivers/STM32F4xx_HAL_Driver/Src/stm32f4xx_hal_rcc.o
                0x0000000008001e7c                HAL_RCC_OscConfig
 .text.HAL_RCC_GetSysClockFreq
                0x0000000008002274       0xcc Drivers/STM32F4xx_HAL_Driver/Src/stm32f4xx_hal_rcc.o
                0x0000000008002274                HAL_RCC_GetSysClockFreq
 .text.HAL_RCC_ClockConfig
                0x0000000008002340      0x160 Drivers/STM32F4xx_HAL_Driver/Src/stm32f4xx_hal_rcc.o
                0x0000000008002340                HAL_RCC_ClockConfig
 .text.HAL_RCC_GetHCLKFreq
                0x00000000080024a0        0xc Drivers/STM32F4xx_HAL_Driver/Src/stm32f4xx_hal_rcc.o
                0x00000000080024a0                HAL_RCC_GetHCLKFreq
 .text.HAL_RCC_GetPCLK1Freq
                0x00000000080024ac       0x20 Drivers/STM32F4xx_HAL_Driver/Src/stm32f4xx_hal_rcc.o
                0x00000000080024ac                HAL_RCC_GetPCLK1Freq
 .text.HAL_RCC_GetPCLK2Freq
                0x00000000080024cc       0x20 Drivers/STM32F4xx_HAL_Driver/Src/stm32f4xx_hal_rcc.o
                0x00000000080024cc                HAL_RCC_GetPCLK2Freq
 .text.HAL_SPI_Init
                0x00000000080024ec       0xbe Drivers/STM32F4xx_HAL_Driver/Src/stm32f4xx_hal_spi.o
                0x00000000080024ec                HAL_SPI_Init
 .text.HAL_SRAM_Init
                0x00000000080025aa       0x52 Drivers/STM32F4xx_HAL_Driver/Src/stm32f4xx_hal_sram.o
                0x00000000080025aa                HAL_SRAM_Init
 .text.UART_EndRxTransfer
                0x00000000080025fc       0x32 Drivers/STM32F4xx_HAL_Driver/Src/stm32f4xx_hal_uart.o
 .text.UART_Transmit_IT
                0x000000000800262e       0x60 Drivers/STM32F4xx_HAL_Driver/Src/stm32f4xx_hal_uart.o
 *fill*         0x000000000800268e        0x2 
 .text.UART_SetConfig
                0x0000000008002690      0x11c Drivers/STM32F4xx_HAL_Driver/Src/stm32f4xx_hal_uart.o
 .text.HAL_UART_Init
                0x00000000080027ac       0x5e Drivers/STM32F4xx_HAL_Driver/Src/stm32f4xx_hal_uart.o
                0x00000000080027ac                HAL_UART_Init
 .text.HAL_UART_Transmit_IT
                0x000000000800280a       0x48 Drivers/STM32F4xx_HAL_Driver/Src/stm32f4xx_hal_uart.o
                0x000000000800280a                HAL_UART_Transmit_IT
 .text.HAL_UART_TxCpltCallback
                0x0000000008002852        0x2 Drivers/STM32F4xx_HAL_Driver/Src/stm32f4xx_hal_uart.o
                0x0000000008002852                HAL_UART_TxCpltCallback
 .text.UART_EndTransmit_IT
                0x0000000008002854       0x1a Drivers/STM32F4xx_HAL_Driver/Src/stm32f4xx_hal_uart.o
 .text.HAL_UART_ErrorCallback
                0x000000000800286e        0x2 Drivers/STM32F4xx_HAL_Driver/Src/stm32f4xx_hal_uart.o
                0x000000000800286e                HAL_UART_ErrorCallback
 .text.UART_DMAAbortOnError
                0x0000000008002870       0x10 Drivers/STM32F4xx_HAL_Driver/Src/stm32f4xx_hal_uart.o
 .text.HAL_UARTEx_RxEventCallback
                0x0000000008002880        0x2 Drivers/STM32F4xx_HAL_Driver/Src/stm32f4xx_hal_uart.o
                0x0000000008002880                HAL_UARTEx_RxEventCallback
 .text.UART_Receive_IT
                0x0000000008002882       0xba Drivers/STM32F4xx_HAL_Driver/Src/stm32f4xx_hal_uart.o
 .text.HAL_UART_IRQHandler
                0x000000000800293c      0x208 Drivers/STM32F4xx_HAL_Driver/Src/stm32f4xx_hal_uart.o
                0x000000000800293c                HAL_UART_IRQHandler
 .text.UART_Start_Receive_IT
                0x0000000008002b44       0x36 Drivers/STM32F4xx_HAL_Driver/Src/stm32f4xx_hal_uart.o
                0x0000000008002b44                UART_Start_Receive_IT
 .text.HAL_UART_Receive_IT
                0x0000000008002b7a       0x38 Drivers/STM32F4xx_HAL_Driver/Src/stm32f4xx_hal_uart.o
                0x0000000008002b7a                HAL_UART_Receive_IT
 *fill*         0x0000000008002bb2        0x2 
 .text.FMC_NORSRAM_Init
                0x0000000008002bb4       0x74 Drivers/STM32F4xx_HAL_Driver/Src/stm32f4xx_ll_fmc.o
                0x0000000008002bb4                FMC_NORSRAM_Init
 .text.FMC_NORSRAM_Timing_Init
                0x0000000008002c28       0x58 Drivers/STM32F4xx_HAL_Driver/Src/stm32f4xx_ll_fmc.o
                0x0000000008002c28                FMC_NORSRAM_Timing_Init
 .text.FMC_NORSRAM_Extended_Timing_Init
                0x0000000008002c80       0x44 Drivers/STM32F4xx_HAL_Driver/Src/stm32f4xx_ll_fmc.o
                0x0000000008002c80                FMC_NORSRAM_Extended_Timing_Init
 .text.USB_CoreReset
                0x0000000008002cc4       0x3c Drivers/STM32F4xx_HAL_Driver/Src/stm32f4xx_ll_usb.o
 .text.USB_CoreInit
                0x0000000008002d00       0x8a Drivers/STM32F4xx_HAL_Driver/Src/stm32f4xx_ll_usb.o
                0x0000000008002d00                USB_CoreInit
 *fill*         0x0000000008002d8a        0x2 
 .text.USB_SetTurnaroundTime
                0x0000000008002d8c       0xe4 Drivers/STM32F4xx_HAL_Driver/Src/stm32f4xx_ll_usb.o
                0x0000000008002d8c                USB_SetTurnaroundTime
 .text.USB_EnableGlobalInt
                0x0000000008002e70        0xc Drivers/STM32F4xx_HAL_Driver/Src/stm32f4xx_ll_usb.o
                0x0000000008002e70                USB_EnableGlobalInt
 .text.USB_DisableGlobalInt
                0x0000000008002e7c        0xc Drivers/STM32F4xx_HAL_Driver/Src/stm32f4xx_ll_usb.o
                0x0000000008002e7c                USB_DisableGlobalInt
 .text.USB_SetCurrentMode
                0x0000000008002e88       0x30 Drivers/STM32F4xx_HAL_Driver/Src/stm32f4xx_ll_usb.o
                0x0000000008002e88                USB_SetCurrentMode
 .text.USB_FlushTxFifo
                0x0000000008002eb8       0x28 Drivers/STM32F4xx_HAL_Driver/Src/stm32f4xx_ll_usb.o
                0x0000000008002eb8                USB_FlushTxFifo
 .text.USB_FlushRxFifo
                0x0000000008002ee0       0x24 Drivers/STM32F4xx_HAL_Driver/Src/stm32f4xx_ll_usb.o
                0x0000000008002ee0                USB_FlushRxFifo
 .text.USB_SetDevSpeed
                0x0000000008002f04        0xe Drivers/STM32F4xx_HAL_Driver/Src/stm32f4xx_ll_usb.o
                0x0000000008002f04                USB_SetDevSpeed
 *fill*         0x0000000008002f12        0x2 
 .text.USB_DevInit
                0x0000000008002f14      0x198 Drivers/STM32F4xx_HAL_Driver/Src/stm32f4xx_ll_usb.o
                0x0000000008002f14                USB_DevInit
 .text.USB_GetDevSpeed
                0x00000000080030ac       0x22 Drivers/STM32F4xx_HAL_Driver/Src/stm32f4xx_ll_usb.o
                0x00000000080030ac                USB_GetDevSpeed
 .text.USB_ActivateEndpoint
                0x00000000080030ce       0x94 Drivers/STM32F4xx_HAL_Driver/Src/stm32f4xx_ll_usb.o
                0x00000000080030ce                USB_ActivateEndpoint
 *fill*         0x0000000008003162        0x2 
 .text.USB_DeactivateEndpoint
                0x0000000008003164       0xdc Drivers/STM32F4xx_HAL_Driver/Src/stm32f4xx_ll_usb.o
                0x0000000008003164                USB_DeactivateEndpoint
 .text.USB_EP0StartXfer
                0x0000000008003240      0x11c Drivers/STM32F4xx_HAL_Driver/Src/stm32f4xx_ll_usb.o
                0x0000000008003240                USB_EP0StartXfer
 .text.USB_WritePacket
                0x000000000800335c       0x28 Drivers/STM32F4xx_HAL_Driver/Src/stm32f4xx_ll_usb.o
                0x000000000800335c                USB_WritePacket
 .text.USB_EPStartXfer
                0x0000000008003384      0x218 Drivers/STM32F4xx_HAL_Driver/Src/stm32f4xx_ll_usb.o
                0x0000000008003384                USB_EPStartXfer
 .text.USB_ReadPacket
                0x000000000800359c       0x22 Drivers/STM32F4xx_HAL_Driver/Src/stm32f4xx_ll_usb.o
                0x000000000800359c                USB_ReadPacket
 .text.USB_EPSetStall
                0x00000000080035be       0x5a Drivers/STM32F4xx_HAL_Driver/Src/stm32f4xx_ll_usb.o
                0x00000000080035be                USB_EPSetStall
 .text.USB_EPClearStall
                0x0000000008003618       0x5c Drivers/STM32F4xx_HAL_Driver/Src/stm32f4xx_ll_usb.o
                0x0000000008003618                USB_EPClearStall
 .text.USB_SetDevAddress
                0x0000000008003674       0x20 Drivers/STM32F4xx_HAL_Driver/Src/stm32f4xx_ll_usb.o
                0x0000000008003674                USB_SetDevAddress
 .text.USB_DevConnect
                0x0000000008003694       0x1c Drivers/STM32F4xx_HAL_Driver/Src/stm32f4xx_ll_usb.o
                0x0000000008003694                USB_DevConnect
 .text.USB_DevDisconnect
                0x00000000080036b0       0x1c Drivers/STM32F4xx_HAL_Driver/Src/stm32f4xx_ll_usb.o
                0x00000000080036b0                USB_DevDisconnect
 .text.USB_ReadInterrupts
                0x00000000080036cc        0x8 Drivers/STM32F4xx_HAL_Driver/Src/stm32f4xx_ll_usb.o
                0x00000000080036cc                USB_ReadInterrupts
 .text.USB_ReadDevAllOutEpInterrupt
                0x00000000080036d4       0x10 Drivers/STM32F4xx_HAL_Driver/Src/stm32f4xx_ll_usb.o
                0x00000000080036d4                USB_ReadDevAllOutEpInterrupt
 .text.USB_ReadDevAllInEpInterrupt
                0x00000000080036e4       0x10 Drivers/STM32F4xx_HAL_Driver/Src/stm32f4xx_ll_usb.o
                0x00000000080036e4                USB_ReadDevAllInEpInterrupt
 .text.USB_ReadDevOutEPInterrupt
                0x00000000080036f4       0x12 Drivers/STM32F4xx_HAL_Driver/Src/stm32f4xx_ll_usb.o
                0x00000000080036f4                USB_ReadDevOutEPInterrupt
 .text.USB_ReadDevInEPInterrupt
                0x0000000008003706       0x28 Drivers/STM32F4xx_HAL_Driver/Src/stm32f4xx_ll_usb.o
                0x0000000008003706                USB_ReadDevInEPInterrupt
 .text.USB_GetMode
                0x000000000800372e        0x8 Drivers/STM32F4xx_HAL_Driver/Src/stm32f4xx_ll_usb.o
                0x000000000800372e                USB_GetMode
 .text.USB_ActivateSetup
                0x0000000008003736       0x20 Drivers/STM32F4xx_HAL_Driver/Src/stm32f4xx_ll_usb.o
                0x0000000008003736                USB_ActivateSetup
 *fill*         0x0000000008003756        0x2 
 .text.USB_EP0_OutStart
                0x0000000008003758       0x60 Drivers/STM32F4xx_HAL_Driver/Src/stm32f4xx_ll_usb.o
                0x0000000008003758                USB_EP0_OutStart
 .text.USBD_CDC_EP0_RxReady
                0x00000000080037b8       0x36 Middlewares/ST/STM32_USB_Device_Library/Class/CDC/Src/usbd_cdc.o
 *fill*         0x00000000080037ee        0x2 
 .text.USBD_CDC_GetFSCfgDesc
                0x00000000080037f0        0xc Middlewares/ST/STM32_USB_Device_Library/Class/CDC/Src/usbd_cdc.o
 .text.USBD_CDC_GetHSCfgDesc
                0x00000000080037fc        0xc Middlewares/ST/STM32_USB_Device_Library/Class/CDC/Src/usbd_cdc.o
 .text.USBD_CDC_GetOtherSpeedCfgDesc
                0x0000000008003808        0xc Middlewares/ST/STM32_USB_Device_Library/Class/CDC/Src/usbd_cdc.o
 .text.USBD_CDC_GetDeviceQualifierDescriptor
                0x0000000008003814        0xc Middlewares/ST/STM32_USB_Device_Library/Class/CDC/Src/usbd_cdc.o
                0x0000000008003814                USBD_CDC_GetDeviceQualifierDescriptor
 .text.USBD_CDC_DataOut
                0x0000000008003820       0x2a Middlewares/ST/STM32_USB_Device_Library/Class/CDC/Src/usbd_cdc.o
 .text.USBD_CDC_DataIn
                0x000000000800384a       0x6a Middlewares/ST/STM32_USB_Device_Library/Class/CDC/Src/usbd_cdc.o
 .text.USBD_CDC_Setup
                0x00000000080038b4       0xf4 Middlewares/ST/STM32_USB_Device_Library/Class/CDC/Src/usbd_cdc.o
 .text.USBD_CDC_DeInit
                0x00000000080039a8       0x48 Middlewares/ST/STM32_USB_Device_Library/Class/CDC/Src/usbd_cdc.o
 .text.USBD_CDC_Init
                0x00000000080039f0       0xc2 Middlewares/ST/STM32_USB_Device_Library/Class/CDC/Src/usbd_cdc.o
 .text.USBD_CDC_RegisterInterface
                0x0000000008003ab2        0xe Middlewares/ST/STM32_USB_Device_Library/Class/CDC/Src/usbd_cdc.o
                0x0000000008003ab2                USBD_CDC_RegisterInterface
 .text.USBD_CDC_SetTxBuffer
                0x0000000008003ac0       0x16 Middlewares/ST/STM32_USB_Device_Library/Class/CDC/Src/usbd_cdc.o
                0x0000000008003ac0                USBD_CDC_SetTxBuffer
 .text.USBD_CDC_SetRxBuffer
                0x0000000008003ad6       0x12 Middlewares/ST/STM32_USB_Device_Library/Class/CDC/Src/usbd_cdc.o
                0x0000000008003ad6                USBD_CDC_SetRxBuffer
 .text.USBD_CDC_TransmitPacket
                0x0000000008003ae8       0x34 Middlewares/ST/STM32_USB_Device_Library/Class/CDC/Src/usbd_cdc.o
                0x0000000008003ae8                USBD_CDC_TransmitPacket
 .text.USBD_CDC_ReceivePacket
                0x0000000008003b1c       0x32 Middlewares/ST/STM32_USB_Device_Library/Class/CDC/Src/usbd_cdc.o
                0x0000000008003b1c                USBD_CDC_ReceivePacket
 .text.USBD_Init
                0x0000000008003b4e       0x2e Middlewares/ST/STM32_USB_Device_Library/Core/Src/usbd_core.o
                0x0000000008003b4e                USBD_Init
 .text.USBD_RegisterClass
                0x0000000008003b7c       0x2e Middlewares/ST/STM32_USB_Device_Library/Core/Src/usbd_core.o
                0x0000000008003b7c                USBD_RegisterClass
 .text.USBD_Start
                0x0000000008003baa        0x8 Middlewares/ST/STM32_USB_Device_Library/Core/Src/usbd_core.o
                0x0000000008003baa                USBD_Start
 .text.USBD_SetClassConfig
                0x0000000008003bb2       0x12 Middlewares/ST/STM32_USB_Device_Library/Core/Src/usbd_core.o
                0x0000000008003bb2                USBD_SetClassConfig
 .text.USBD_ClrClassConfig
                0x0000000008003bc4       0x10 Middlewares/ST/STM32_USB_Device_Library/Core/Src/usbd_core.o
                0x0000000008003bc4                USBD_ClrClassConfig
 .text.USBD_LL_SetupStage
                0x0000000008003bd4       0x58 Middlewares/ST/STM32_USB_Device_Library/Core/Src/usbd_core.o
                0x0000000008003bd4                USBD_LL_SetupStage
 .text.USBD_LL_DataOutStage
                0x0000000008003c2c       0x78 Middlewares/ST/STM32_USB_Device_Library/Core/Src/usbd_core.o
                0x0000000008003c2c                USBD_LL_DataOutStage
 .text.USBD_LL_DataInStage
                0x0000000008003ca4       0xbe Middlewares/ST/STM32_USB_Device_Library/Core/Src/usbd_core.o
                0x0000000008003ca4                USBD_LL_DataInStage
 .text.USBD_LL_Reset
                0x0000000008003d62       0x5a Middlewares/ST/STM32_USB_Device_Library/Core/Src/usbd_core.o
                0x0000000008003d62                USBD_LL_Reset
 .text.USBD_LL_SetSpeed
                0x0000000008003dbc        0x6 Middlewares/ST/STM32_USB_Device_Library/Core/Src/usbd_core.o
                0x0000000008003dbc                USBD_LL_SetSpeed
 .text.USBD_LL_Suspend
                0x0000000008003dc2       0x14 Middlewares/ST/STM32_USB_Device_Library/Core/Src/usbd_core.o
                0x0000000008003dc2                USBD_LL_Suspend
 .text.USBD_LL_Resume
                0x0000000008003dd6       0x1a Middlewares/ST/STM32_USB_Device_Library/Core/Src/usbd_core.o
                0x0000000008003dd6                USBD_LL_Resume
 .text.USBD_LL_SOF
                0x0000000008003df0       0x28 Middlewares/ST/STM32_USB_Device_Library/Core/Src/usbd_core.o
                0x0000000008003df0                USBD_LL_SOF
 .text.USBD_LL_IsoINIncomplete
                0x0000000008003e18       0x28 Middlewares/ST/STM32_USB_Device_Library/Core/Src/usbd_core.o
                0x0000000008003e18                USBD_LL_IsoINIncomplete
 .text.USBD_LL_IsoOUTIncomplete
                0x0000000008003e40       0x28 Middlewares/ST/STM32_USB_Device_Library/Core/Src/usbd_core.o
                0x0000000008003e40                USBD_LL_IsoOUTIncomplete
 .text.USBD_LL_DevConnected
                0x0000000008003e68        0x4 Middlewares/ST/STM32_USB_Device_Library/Core/Src/usbd_core.o
                0x0000000008003e68                USBD_LL_DevConnected
 .text.USBD_LL_DevDisconnected
                0x0000000008003e6c       0x18 Middlewares/ST/STM32_USB_Device_Library/Core/Src/usbd_core.o
                0x0000000008003e6c                USBD_LL_DevDisconnected
 .text.USBD_GetLen
                0x0000000008003e84       0x12 Middlewares/ST/STM32_USB_Device_Library/Core/Src/usbd_ctlreq.o
 .text.USBD_SetFeature
                0x0000000008003e96       0x14 Middlewares/ST/STM32_USB_Device_Library/Core/Src/usbd_ctlreq.o
 .text.USBD_ParseSetupRequest
                0x0000000008003eaa       0x28 Middlewares/ST/STM32_USB_Device_Library/Core/Src/usbd_ctlreq.o
                0x0000000008003eaa                USBD_ParseSetupRequest
 .text.USBD_CtlError
                0x0000000008003ed2       0x14 Middlewares/ST/STM32_USB_Device_Library/Core/Src/usbd_ctlreq.o
                0x0000000008003ed2                USBD_CtlError
 .text.USBD_GetDescriptor
                0x0000000008003ee6      0x18a Middlewares/ST/STM32_USB_Device_Library/Core/Src/usbd_ctlreq.o
 .text.USBD_SetAddress
                0x0000000008004070       0x50 Middlewares/ST/STM32_USB_Device_Library/Core/Src/usbd_ctlreq.o
 .text.USBD_SetConfig
                0x00000000080040c0       0xc8 Middlewares/ST/STM32_USB_Device_Library/Core/Src/usbd_ctlreq.o
 .text.USBD_GetConfig
                0x0000000008004188       0x40 Middlewares/ST/STM32_USB_Device_Library/Core/Src/usbd_ctlreq.o
 .text.USBD_GetStatus
                0x00000000080041c8       0x38 Middlewares/ST/STM32_USB_Device_Library/Core/Src/usbd_ctlreq.o
 .text.USBD_ClrFeature
                0x0000000008004200       0x26 Middlewares/ST/STM32_USB_Device_Library/Core/Src/usbd_ctlreq.o
 .text.USBD_StdDevReq
                0x0000000008004226       0x70 Middlewares/ST/STM32_USB_Device_Library/Core/Src/usbd_ctlreq.o
                0x0000000008004226                USBD_StdDevReq
 .text.USBD_StdItfReq
                0x0000000008004296       0x68 Middlewares/ST/STM32_USB_Device_Library/Core/Src/usbd_ctlreq.o
                0x0000000008004296                USBD_StdItfReq
 .text.USBD_StdEPReq
                0x00000000080042fe      0x1ec Middlewares/ST/STM32_USB_Device_Library/Core/Src/usbd_ctlreq.o
                0x00000000080042fe                USBD_StdEPReq
 .text.USBD_GetString
                0x00000000080044ea       0x36 Middlewares/ST/STM32_USB_Device_Library/Core/Src/usbd_ctlreq.o
                0x00000000080044ea                USBD_GetString
 .text.USBD_CtlSendData
                0x0000000008004520       0x1a Middlewares/ST/STM32_USB_Device_Library/Core/Src/usbd_ioreq.o
                0x0000000008004520                USBD_CtlSendData
 .text.USBD_CtlContinueSendData
                0x000000000800453a       0x10 Middlewares/ST/STM32_USB_Device_Library/Core/Src/usbd_ioreq.o
                0x000000000800453a                USBD_CtlContinueSendData
 .text.USBD_CtlPrepareRx
                0x000000000800454a       0x1e Middlewares/ST/STM32_USB_Device_Library/Core/Src/usbd_ioreq.o
                0x000000000800454a                USBD_CtlPrepareRx
 .text.USBD_CtlContinueRx
                0x0000000008004568       0x10 Middlewares/ST/STM32_USB_Device_Library/Core/Src/usbd_ioreq.o
                0x0000000008004568                USBD_CtlContinueRx
 .text.USBD_CtlSendStatus
                0x0000000008004578       0x16 Middlewares/ST/STM32_USB_Device_Library/Core/Src/usbd_ioreq.o
                0x0000000008004578                USBD_CtlSendStatus
 .text.USBD_CtlReceiveStatus
                0x000000000800458e       0x16 Middlewares/ST/STM32_USB_Device_Library/Core/Src/usbd_ioreq.o
                0x000000000800458e                USBD_CtlReceiveStatus
 .text.HAL_FMC_MspInit
                0x00000000080045a4      0x12c Src/fmc.o
 .text.MX_FMC_Init
                0x00000000080046d0       0x68 Src/fmc.o
                0x00000000080046d0                MX_FMC_Init
 .text.HAL_SRAM_MspInit
                0x0000000008004738        0x8 Src/fmc.o
                0x0000000008004738                HAL_SRAM_MspInit
 .text.MX_GPIO_Init
                0x0000000008004740      0x2c4 Src/gpio.o
                0x0000000008004740                MX_GPIO_Init
 .text.SystemClock_Config
                0x0000000008004a04       0x98 Src/main.o
                0x0000000008004a04                SystemClock_Config
 .text.main     0x0000000008004a9c       0x40 Src/main.o
                0x0000000008004a9c                main
 .text.Error_Handler
                0x0000000008004adc        0x2 Src/main.o
                0x0000000008004adc                Error_Handler
 *fill*         0x0000000008004ade        0x2 
 .text.MX_SPI4_Init
                0x0000000008004ae0       0x40 Src/spi.o
                0x0000000008004ae0                MX_SPI4_Init
 .text.HAL_SPI_MspInit
                0x0000000008004b20       0x70 Src/spi.o
                0x0000000008004b20                HAL_SPI_MspInit
 .text.HAL_MspInit
                0x0000000008004b90       0x40 Src/stm32f4xx_hal_msp.o
                0x0000000008004b90                HAL_MspInit
 .text.NMI_Handler
                0x0000000008004bd0        0x2 Src/stm32f4xx_it.o
                0x0000000008004bd0                NMI_Handler
 .text.HardFault_Handler
                0x0000000008004bd2        0x2 Src/stm32f4xx_it.o
                0x0000000008004bd2                HardFault_Handler
 .text.MemManage_Handler
                0x0000000008004bd4        0x2 Src/stm32f4xx_it.o
                0x0000000008004bd4                MemManage_Handler
 .text.BusFault_Handler
                0x0000000008004bd6        0x2 Src/stm32f4xx_it.o
                0x0000000008004bd6                BusFault_Handler
 .text.UsageFault_Handler
                0x0000000008004bd8        0x2 Src/stm32f4xx_it.o
                0x0000000008004bd8                UsageFault_Handler
 .text.SVC_Handler
                0x0000000008004bda        0x2 Src/stm32f4xx_it.o
                0x0000000008004bda                SVC_Handler
 .text.DebugMon_Handler
                0x0000000008004bdc        0x2 Src/stm32f4xx_it.o
                0x0000000008004bdc                DebugMon_Handler
 .text.PendSV_Handler
                0x0000000008004bde        0x2 Src/stm32f4xx_it.o
                0x0000000008004bde                PendSV_Handler
 .text.SysTick_Handler
                0x0000000008004be0        0x8 Src/stm32f4xx_it.o
                0x0000000008004be0                SysTick_Handler
 .text.UART4_IRQHandler
                0x0000000008004be8       0x10 Src/stm32f4xx_it.o
                0x0000000008004be8                UART4_IRQHandler
 .text.OTG_HS_IRQHandler
                0x0000000008004bf8       0x10 Src/stm32f4xx_it.o
                0x0000000008004bf8                OTG_HS_IRQHandler
 .text.SystemInit
                0x0000000008004c08       0x4c Src/system_stm32f4xx.o
                0x0000000008004c08                SystemInit
 .text.my_HAL_Delay
                0x0000000008004c54       0x18 Src/tud_seceng.o
                0x0000000008004c54                my_HAL_Delay
 .text.SRAM_Write_16b
                0x0000000008004c6c        0xa Src/tud_seceng.o
                0x0000000008004c6c                SRAM_Write_16b
 .text.SRAM_Read_16b
                0x0000000008004c76        0xc Src/tud_seceng.o
                0x0000000008004c76                SRAM_Read_16b
 .text.send     0x0000000008004c82        0xa Src/tud_seceng.o
                0x0000000008004c82                send
 .text.SRAM_Read_SRAM
                0x0000000008004c8c       0x68 Src/tud_seceng.o
                0x0000000008004c8c                SRAM_Read_SRAM
 .text.SRAM_Get_Address
                0x0000000008004cf4       0x3c Src/tud_seceng.o
                0x0000000008004cf4                SRAM_Get_Address
 .text.SRAM_Check_Address
                0x0000000008004d30       0x54 Src/tud_seceng.o
                0x0000000008004d30                SRAM_Check_Address
 .text.SRAM_Check_Address_Range
                0x0000000008004d84       0xb8 Src/tud_seceng.o
                0x0000000008004d84                SRAM_Check_Address_Range
 .text.SRAM_Check_Read_Write_Status
                0x0000000008004e3c      0x148 Src/tud_seceng.o
                0x0000000008004e3c                SRAM_Check_Read_Write_Status
 .text.sendUSB  0x0000000008004f84       0x1c Src/tud_seceng.o
                0x0000000008004f84                sendUSB
 .text.showHelp
                0x0000000008004fa0       0x78 Src/tud_seceng.o
                0x0000000008004fa0                showHelp
 .text.clearBuffer
                0x0000000008005018       0x18 Src/tud_seceng.o
                0x0000000008005018                clearBuffer
 .text.USBCDCRXCallback
                0x0000000008005030       0xf4 Src/tud_seceng.o
                0x0000000008005030                USBCDCRXCallback
 .text.HAL_UART_RxCpltCallback
                0x0000000008005124       0xb8 Src/tud_seceng.o
                0x0000000008005124                HAL_UART_RxCpltCallback
 .text.hamming_weight_16b
                0x00000000080051dc       0x32 Src/tud_seceng.o
                0x00000000080051dc                hamming_weight_16b
 .text.flipped_one_16b
                0x000000000800520e        0xc Src/tud_seceng.o
                0x000000000800520e                flipped_one_16b
 .text.flipped_zero_16b
                0x000000000800521a        0xc Src/tud_seceng.o
                0x000000000800521a                flipped_zero_16b
 .text.get_num_one_16b
                0x0000000008005226        0x8 Src/tud_seceng.o
                0x0000000008005226                get_num_one_16b
 .text.get_num_zero_16b
                0x000000000800522e        0xe Src/tud_seceng.o
                0x000000000800522e                get_num_zero_16b
 .text.SRAM_Get_Values
                0x000000000800523c      0x128 Src/tud_seceng.o
                0x000000000800523c                SRAM_Get_Values
 .text.init_counter
                0x0000000008005364       0x24 Src/tud_seceng.o
                0x0000000008005364                init_counter
 .text.SRAM_Get_Performance_Measures
                0x0000000008005388      0x330 Src/tud_seceng.o
                0x0000000008005388                SRAM_Get_Performance_Measures
 .text.init_arguments
                0x00000000080056b8       0x10 Src/tud_seceng.o
                0x00000000080056b8                init_arguments
 .text.SRAM_Fill_With_Zeros
                0x00000000080056c8       0xa8 Src/tud_seceng.o
                0x00000000080056c8                SRAM_Fill_With_Zeros
 .text.SRAM_Fill_With_Ones
                0x0000000008005770       0x90 Src/tud_seceng.o
                0x0000000008005770                SRAM_Fill_With_Ones
 .text.SRAM_Write_Ascending
                0x0000000008005800       0xa8 Src/tud_seceng.o
                0x0000000008005800                SRAM_Write_Ascending
 .text.SRAM_Write_Alternate_Zero_One
                0x00000000080058a8       0xa8 Src/tud_seceng.o
                0x00000000080058a8                SRAM_Write_Alternate_Zero_One
 .text.SRAM_Write_Alternate_One_Zero
                0x0000000008005950       0xa8 Src/tud_seceng.o
                0x0000000008005950                SRAM_Write_Alternate_One_Zero
 .text.SRAM_Write_Address
                0x00000000080059f8       0x8c Src/tud_seceng.o
                0x00000000080059f8                SRAM_Write_Address
 .text.SRAM_Write_Address_Range
                0x0000000008005a84       0xc8 Src/tud_seceng.o
                0x0000000008005a84                SRAM_Write_Address_Range
 .text.executeCommand
                0x0000000008005b4c      0x13c Src/tud_seceng.o
                0x0000000008005b4c                executeCommand
 .text.MX_UART4_Init
                0x0000000008005c88       0x34 Src/usart.o
                0x0000000008005c88                MX_UART4_Init
 .text.HAL_UART_MspInit
                0x0000000008005cbc       0x84 Src/usart.o
                0x0000000008005cbc                HAL_UART_MspInit
 .text.MX_USB_DEVICE_Init
                0x0000000008005d40       0x54 Src/usb_device.o
                0x0000000008005d40                MX_USB_DEVICE_Init
 .text.CDC_DeInit_HS
                0x0000000008005d94        0x4 Src/usbd_cdc_if.o
 .text.CDC_Control_HS
                0x0000000008005d98       0x30 Src/usbd_cdc_if.o
 .text.CDC_TransmitCplt_HS
                0x0000000008005dc8        0x4 Src/usbd_cdc_if.o
 .text.CDC_Init_HS
                0x0000000008005dcc       0x28 Src/usbd_cdc_if.o
 .text.CDC_Receive_HS
                0x0000000008005df4       0x50 Src/usbd_cdc_if.o
 .text.CDC_Transmit_HS
                0x0000000008005e44       0x28 Src/usbd_cdc_if.o
                0x0000000008005e44                CDC_Transmit_HS
 .text.USBD_Get_USB_Status
                0x0000000008005e6c       0x14 Src/usbd_conf.o
                0x0000000008005e6c                USBD_Get_USB_Status
 .text.HAL_PCD_MspInit
                0x0000000008005e80       0x98 Src/usbd_conf.o
                0x0000000008005e80                HAL_PCD_MspInit
 .text.HAL_PCD_SetupStageCallback
                0x0000000008005f18       0x10 Src/usbd_conf.o
                0x0000000008005f18                HAL_PCD_SetupStageCallback
 .text.HAL_PCD_DataOutStageCallback
                0x0000000008005f28       0x18 Src/usbd_conf.o
                0x0000000008005f28                HAL_PCD_DataOutStageCallback
 .text.HAL_PCD_DataInStageCallback
                0x0000000008005f40       0x16 Src/usbd_conf.o
                0x0000000008005f40                HAL_PCD_DataInStageCallback
 .text.HAL_PCD_SOFCallback
                0x0000000008005f56        0xc Src/usbd_conf.o
                0x0000000008005f56                HAL_PCD_SOFCallback
 .text.HAL_PCD_ResetCallback
                0x0000000008005f62       0x2c Src/usbd_conf.o
                0x0000000008005f62                HAL_PCD_ResetCallback
 *fill*         0x0000000008005f8e        0x2 
 .text.HAL_PCD_SuspendCallback
                0x0000000008005f90       0x30 Src/usbd_conf.o
                0x0000000008005f90                HAL_PCD_SuspendCallback
 .text.HAL_PCD_ResumeCallback
                0x0000000008005fc0        0xc Src/usbd_conf.o
                0x0000000008005fc0                HAL_PCD_ResumeCallback
 .text.HAL_PCD_ISOOUTIncompleteCallback
                0x0000000008005fcc        0xc Src/usbd_conf.o
                0x0000000008005fcc                HAL_PCD_ISOOUTIncompleteCallback
 .text.HAL_PCD_ISOINIncompleteCallback
                0x0000000008005fd8        0xc Src/usbd_conf.o
                0x0000000008005fd8                HAL_PCD_ISOINIncompleteCallback
 .text.HAL_PCD_ConnectCallback
                0x0000000008005fe4        0xc Src/usbd_conf.o
                0x0000000008005fe4                HAL_PCD_ConnectCallback
 .text.HAL_PCD_DisconnectCallback
                0x0000000008005ff0        0xc Src/usbd_conf.o
                0x0000000008005ff0                HAL_PCD_DisconnectCallback
 .text.USBD_LL_Init
                0x0000000008005ffc       0x70 Src/usbd_conf.o
                0x0000000008005ffc                USBD_LL_Init
 .text.USBD_LL_Start
                0x000000000800606c       0x10 Src/usbd_conf.o
                0x000000000800606c                USBD_LL_Start
 .text.USBD_LL_OpenEP
                0x000000000800607c       0x16 Src/usbd_conf.o
                0x000000000800607c                USBD_LL_OpenEP
 .text.USBD_LL_CloseEP
                0x0000000008006092       0x10 Src/usbd_conf.o
                0x0000000008006092                USBD_LL_CloseEP
 .text.USBD_LL_StallEP
                0x00000000080060a2       0x10 Src/usbd_conf.o
                0x00000000080060a2                USBD_LL_StallEP
 .text.USBD_LL_ClearStallEP
                0x00000000080060b2       0x10 Src/usbd_conf.o
                0x00000000080060b2                USBD_LL_ClearStallEP
 .text.USBD_LL_IsStallEP
                0x00000000080060c2       0x2e Src/usbd_conf.o
                0x00000000080060c2                USBD_LL_IsStallEP
 .text.USBD_LL_SetUSBAddress
                0x00000000080060f0       0x10 Src/usbd_conf.o
                0x00000000080060f0                USBD_LL_SetUSBAddress
 .text.USBD_LL_Transmit
                0x0000000008006100       0x10 Src/usbd_conf.o
                0x0000000008006100                USBD_LL_Transmit
 .text.USBD_LL_PrepareReceive
                0x0000000008006110       0x10 Src/usbd_conf.o
                0x0000000008006110                USBD_LL_PrepareReceive
 .text.USBD_LL_GetRxDataSize
                0x0000000008006120        0xc Src/usbd_conf.o
                0x0000000008006120                USBD_LL_GetRxDataSize
 .text.USBD_static_malloc
                0x000000000800612c        0x8 Src/usbd_conf.o
                0x000000000800612c                USBD_static_malloc
 .text.USBD_static_free
                0x0000000008006134        0x2 Src/usbd_conf.o
                0x0000000008006134                USBD_static_free
 *fill*         0x0000000008006136        0x2 
 .text.USBD_HS_DeviceDescriptor
                0x0000000008006138        0xc Src/usbd_desc.o
                0x0000000008006138                USBD_HS_DeviceDescriptor
 .text.USBD_HS_LangIDStrDescriptor
                0x0000000008006144        0xc Src/usbd_desc.o
                0x0000000008006144                USBD_HS_LangIDStrDescriptor
 .text.IntToUnicode
                0x0000000008006150       0x38 Src/usbd_desc.o
 .text.Get_SerialNum
                0x0000000008006188       0x38 Src/usbd_desc.o
 .text.USBD_HS_SerialStrDescriptor
                0x00000000080061c0       0x14 Src/usbd_desc.o
                0x00000000080061c0                USBD_HS_SerialStrDescriptor
 .text.USBD_HS_ProductStrDescriptor
                0x00000000080061d4       0x24 Src/usbd_desc.o
                0x00000000080061d4                USBD_HS_ProductStrDescriptor
 .text.USBD_HS_ManufacturerStrDescriptor
                0x00000000080061f8       0x1c Src/usbd_desc.o
                0x00000000080061f8                USBD_HS_ManufacturerStrDescriptor
 .text.USBD_HS_ConfigStrDescriptor
                0x0000000008006214       0x24 Src/usbd_desc.o
                0x0000000008006214                USBD_HS_ConfigStrDescriptor
 .text.USBD_HS_InterfaceStrDescriptor
                0x0000000008006238       0x24 Src/usbd_desc.o
                0x0000000008006238                USBD_HS_InterfaceStrDescriptor
 .text.Reset_Handler
                0x000000000800625c       0x50 startup/startup_stm32f429xx.o
                0x000000000800625c                Reset_Handler
 .text.Default_Handler
                0x00000000080062ac        0x2 startup/startup_stm32f429xx.o
                0x00000000080062ac                RTC_Alarm_IRQHandler
                0x00000000080062ac                HASH_RNG_IRQHandler
                0x00000000080062ac                EXTI2_IRQHandler
                0x00000000080062ac                TIM8_CC_IRQHandler
                0x00000000080062ac                UART8_IRQHandler
                0x00000000080062ac                SPI4_IRQHandler
                0x00000000080062ac                TIM1_CC_IRQHandler
                0x00000000080062ac                DMA2_Stream5_IRQHandler
                0x00000000080062ac                DMA1_Stream5_IRQHandler
                0x00000000080062ac                PVD_IRQHandler
                0x00000000080062ac                SDIO_IRQHandler
                0x00000000080062ac                TAMP_STAMP_IRQHandler
                0x00000000080062ac                CAN2_RX1_IRQHandler
                0x00000000080062ac                EXTI3_IRQHandler
                0x00000000080062ac                TIM8_TRG_COM_TIM14_IRQHandler
                0x00000000080062ac                TIM1_UP_TIM10_IRQHandler
                0x00000000080062ac                TIM8_UP_TIM13_IRQHandler
                0x00000000080062ac                I2C3_ER_IRQHandler
                0x00000000080062ac                EXTI0_IRQHandler
                0x00000000080062ac                I2C2_EV_IRQHandler
                0x00000000080062ac                DMA1_Stream2_IRQHandler
                0x00000000080062ac                CAN1_RX0_IRQHandler
                0x00000000080062ac                FPU_IRQHandler
                0x00000000080062ac                OTG_HS_WKUP_IRQHandler
                0x00000000080062ac                LTDC_ER_IRQHandler
                0x00000000080062ac                CAN2_SCE_IRQHandler
                0x00000000080062ac                DMA2_Stream2_IRQHandler
                0x00000000080062ac                SPI1_IRQHandler
                0x00000000080062ac                TIM6_DAC_IRQHandler
                0x00000000080062ac                TIM1_BRK_TIM9_IRQHandler
                0x00000000080062ac                DCMI_IRQHandler
                0x00000000080062ac                CAN2_RX0_IRQHandler
                0x00000000080062ac                DMA2_Stream3_IRQHandler
                0x00000000080062ac                USART6_IRQHandler
                0x00000000080062ac                USART3_IRQHandler
                0x00000000080062ac                CAN1_RX1_IRQHandler
                0x00000000080062ac                UART5_IRQHandler
                0x00000000080062ac                DMA2_Stream0_IRQHandler
                0x00000000080062ac                TIM4_IRQHandler
                0x00000000080062ac                I2C1_EV_IRQHandler
                0x00000000080062ac                DMA1_Stream6_IRQHandler
                0x00000000080062ac                DMA1_Stream1_IRQHandler
                0x00000000080062ac                TIM3_IRQHandler
                0x00000000080062ac                RCC_IRQHandler
                0x00000000080062ac                TIM8_BRK_TIM12_IRQHandler
                0x00000000080062ac                Default_Handler
                0x00000000080062ac                EXTI15_10_IRQHandler
                0x00000000080062ac                ADC_IRQHandler
                0x00000000080062ac                DMA1_Stream7_IRQHandler
                0x00000000080062ac                SPI5_IRQHandler
                0x00000000080062ac                TIM7_IRQHandler
                0x00000000080062ac                CAN2_TX_IRQHandler
                0x00000000080062ac                TIM5_IRQHandler
                0x00000000080062ac                DMA2_Stream7_IRQHandler
                0x00000000080062ac                I2C3_EV_IRQHandler
                0x00000000080062ac                EXTI9_5_IRQHandler
                0x00000000080062ac                RTC_WKUP_IRQHandler
                0x00000000080062ac                LTDC_IRQHandler
                0x00000000080062ac                ETH_WKUP_IRQHandler
                0x00000000080062ac                SPI2_IRQHandler
                0x00000000080062ac                OTG_HS_EP1_IN_IRQHandler
                0x00000000080062ac                DMA1_Stream0_IRQHandler
                0x00000000080062ac                CAN1_TX_IRQHandler
                0x00000000080062ac                EXTI4_IRQHandler
                0x00000000080062ac                ETH_IRQHandler
                0x00000000080062ac                OTG_HS_EP1_OUT_IRQHandler
                0x00000000080062ac                WWDG_IRQHandler
                0x00000000080062ac                SPI6_IRQHandler
                0x00000000080062ac                TIM2_IRQHandler
                0x00000000080062ac                OTG_FS_WKUP_IRQHandler
                0x00000000080062ac                TIM1_TRG_COM_TIM11_IRQHandler
                0x00000000080062ac                DMA2D_IRQHandler
                0x00000000080062ac                EXTI1_IRQHandler
                0x00000000080062ac                UART7_IRQHandler
                0x00000000080062ac                USART2_IRQHandler
                0x00000000080062ac                I2C2_ER_IRQHandler
                0x00000000080062ac                DMA2_Stream1_IRQHandler
                0x00000000080062ac                CAN1_SCE_IRQHandler
                0x00000000080062ac                FLASH_IRQHandler
                0x00000000080062ac                DMA2_Stream4_IRQHandler
                0x00000000080062ac                USART1_IRQHandler
                0x00000000080062ac                OTG_FS_IRQHandler
                0x00000000080062ac                SPI3_IRQHandler
                0x00000000080062ac                DMA1_Stream4_IRQHandler
                0x00000000080062ac                I2C1_ER_IRQHandler
                0x00000000080062ac                FMC_IRQHandler
                0x00000000080062ac                DMA2_Stream6_IRQHandler
                0x00000000080062ac                SAI1_IRQHandler
                0x00000000080062ac                DMA1_Stream3_IRQHandler
 *fill*         0x00000000080062ae        0x2 
 .text.__libc_init_array
                0x00000000080062b0       0x48 /home/florianfrank/.eclipse/com.st.stm32cube.ide.mcu.rcp.product_1.5.0_1935173080_linux_gtk_x86_64/plugins/com.st.stm32cube.ide.mcu.externaltools.gnu-tools-for-stm32.9-2020-q2-update.linux64_1.5.0.202011040924/tools/bin/../lib/gcc/arm-none-eabi/9.3.1/../../../../arm-none-eabi/lib/thumb/v7e-m+fp/hard/libc.a(lib_a-init.o)
                0x00000000080062b0                __libc_init_array
 .text.memcpy   0x00000000080062f8       0x1c /home/florianfrank/.eclipse/com.st.stm32cube.ide.mcu.rcp.product_1.5.0_1935173080_linux_gtk_x86_64/plugins/com.st.stm32cube.ide.mcu.externaltools.gnu-tools-for-stm32.9-2020-q2-update.linux64_1.5.0.202011040924/tools/bin/../lib/gcc/arm-none-eabi/9.3.1/../../../../arm-none-eabi/lib/thumb/v7e-m+fp/hard/libc.a(lib_a-memcpy-stub.o)
                0x00000000080062f8                memcpy
 .text.memset   0x0000000008006314       0x10 /home/florianfrank/.eclipse/com.st.stm32cube.ide.mcu.rcp.product_1.5.0_1935173080_linux_gtk_x86_64/plugins/com.st.stm32cube.ide.mcu.externaltools.gnu-tools-for-stm32.9-2020-q2-update.linux64_1.5.0.202011040924/tools/bin/../lib/gcc/arm-none-eabi/9.3.1/../../../../arm-none-eabi/lib/thumb/v7e-m+fp/hard/libc.a(lib_a-memset.o)
                0x0000000008006314                memset
 .text.printf   0x0000000008006324       0x24 /home/florianfrank/.eclipse/com.st.stm32cube.ide.mcu.rcp.product_1.5.0_1935173080_linux_gtk_x86_64/plugins/com.st.stm32cube.ide.mcu.externaltools.gnu-tools-for-stm32.9-2020-q2-update.linux64_1.5.0.202011040924/tools/bin/../lib/gcc/arm-none-eabi/9.3.1/../../../../arm-none-eabi/lib/thumb/v7e-m+fp/hard/libc.a(lib_a-printf.o)
                0x0000000008006324                printf
 .text.sprintf  0x0000000008006348       0x40 /home/florianfrank/.eclipse/com.st.stm32cube.ide.mcu.rcp.product_1.5.0_1935173080_linux_gtk_x86_64/plugins/com.st.stm32cube.ide.mcu.externaltools.gnu-tools-for-stm32.9-2020-q2-update.linux64_1.5.0.202011040924/tools/bin/../lib/gcc/arm-none-eabi/9.3.1/../../../../arm-none-eabi/lib/thumb/v7e-m+fp/hard/libc.a(lib_a-sprintf.o)
                0x0000000008006348                sprintf
 .text._svfprintf_r
                0x0000000008006388     0x13c0 /home/florianfrank/.eclipse/com.st.stm32cube.ide.mcu.rcp.product_1.5.0_1935173080_linux_gtk_x86_64/plugins/com.st.stm32cube.ide.mcu.externaltools.gnu-tools-for-stm32.9-2020-q2-update.linux64_1.5.0.202011040924/tools/bin/../lib/gcc/arm-none-eabi/9.3.1/../../../../arm-none-eabi/lib/thumb/v7e-m+fp/hard/libc.a(lib_a-svfprintf.o)
                0x0000000008006388                _svfprintf_r
 .text._vfprintf_r
                0x0000000008007748     0x146c /home/florianfrank/.eclipse/com.st.stm32cube.ide.mcu.rcp.product_1.5.0_1935173080_linux_gtk_x86_64/plugins/com.st.stm32cube.ide.mcu.externaltools.gnu-tools-for-stm32.9-2020-q2-update.linux64_1.5.0.202011040924/tools/bin/../lib/gcc/arm-none-eabi/9.3.1/../../../../arm-none-eabi/lib/thumb/v7e-m+fp/hard/libc.a(lib_a-vfprintf.o)
                0x0000000008007748                _vfprintf_r
 .text.__sbprintf
                0x0000000008008bb4       0x80 /home/florianfrank/.eclipse/com.st.stm32cube.ide.mcu.rcp.product_1.5.0_1935173080_linux_gtk_x86_64/plugins/com.st.stm32cube.ide.mcu.externaltools.gnu-tools-for-stm32.9-2020-q2-update.linux64_1.5.0.202011040924/tools/bin/../lib/gcc/arm-none-eabi/9.3.1/../../../../arm-none-eabi/lib/thumb/v7e-m+fp/hard/libc.a(lib_a-vfprintf.o)
 .text.__swsetup_r
                0x0000000008008c34       0xb0 /home/florianfrank/.eclipse/com.st.stm32cube.ide.mcu.rcp.product_1.5.0_1935173080_linux_gtk_x86_64/plugins/com.st.stm32cube.ide.mcu.externaltools.gnu-tools-for-stm32.9-2020-q2-update.linux64_1.5.0.202011040924/tools/bin/../lib/gcc/arm-none-eabi/9.3.1/../../../../arm-none-eabi/lib/thumb/v7e-m+fp/hard/libc.a(lib_a-wsetup.o)
                0x0000000008008c34                __swsetup_r
 .text.startup.register_fini
                0x0000000008008ce4       0x14 /home/florianfrank/.eclipse/com.st.stm32cube.ide.mcu.rcp.product_1.5.0_1935173080_linux_gtk_x86_64/plugins/com.st.stm32cube.ide.mcu.externaltools.gnu-tools-for-stm32.9-2020-q2-update.linux64_1.5.0.202011040924/tools/bin/../lib/gcc/arm-none-eabi/9.3.1/../../../../arm-none-eabi/lib/thumb/v7e-m+fp/hard/libc.a(lib_a-__call_atexit.o)
 .text.atexit   0x0000000008008cf8        0xc /home/florianfrank/.eclipse/com.st.stm32cube.ide.mcu.rcp.product_1.5.0_1935173080_linux_gtk_x86_64/plugins/com.st.stm32cube.ide.mcu.externaltools.gnu-tools-for-stm32.9-2020-q2-update.linux64_1.5.0.202011040924/tools/bin/../lib/gcc/arm-none-eabi/9.3.1/../../../../arm-none-eabi/lib/thumb/v7e-m+fp/hard/libc.a(lib_a-atexit.o)
                0x0000000008008cf8                atexit
 .text.quorem   0x0000000008008d04      0x116 /home/florianfrank/.eclipse/com.st.stm32cube.ide.mcu.rcp.product_1.5.0_1935173080_linux_gtk_x86_64/plugins/com.st.stm32cube.ide.mcu.externaltools.gnu-tools-for-stm32.9-2020-q2-update.linux64_1.5.0.202011040924/tools/bin/../lib/gcc/arm-none-eabi/9.3.1/../../../../arm-none-eabi/lib/thumb/v7e-m+fp/hard/libc.a(lib_a-dtoa.o)
 *fill*         0x0000000008008e1a        0x6 
 .text._dtoa_r  0x0000000008008e20      0xba8 /home/florianfrank/.eclipse/com.st.stm32cube.ide.mcu.rcp.product_1.5.0_1935173080_linux_gtk_x86_64/plugins/com.st.stm32cube.ide.mcu.externaltools.gnu-tools-for-stm32.9-2020-q2-update.linux64_1.5.0.202011040924/tools/bin/../lib/gcc/arm-none-eabi/9.3.1/../../../../arm-none-eabi/lib/thumb/v7e-m+fp/hard/libc.a(lib_a-dtoa.o)
                0x0000000008008e20                _dtoa_r
 .text.__errno  0x00000000080099c8        0xc /home/florianfrank/.eclipse/com.st.stm32cube.ide.mcu.rcp.product_1.5.0_1935173080_linux_gtk_x86_64/plugins/com.st.stm32cube.ide.mcu.externaltools.gnu-tools-for-stm32.9-2020-q2-update.linux64_1.5.0.202011040924/tools/bin/../lib/gcc/arm-none-eabi/9.3.1/../../../../arm-none-eabi/lib/thumb/v7e-m+fp/hard/libc.a(lib_a-errno.o)
                0x00000000080099c8                __errno
 .text.__sflush_r
                0x00000000080099d4      0x11c /home/florianfrank/.eclipse/com.st.stm32cube.ide.mcu.rcp.product_1.5.0_1935173080_linux_gtk_x86_64/plugins/com.st.stm32cube.ide.mcu.externaltools.gnu-tools-for-stm32.9-2020-q2-update.linux64_1.5.0.202011040924/tools/bin/../lib/gcc/arm-none-eabi/9.3.1/../../../../arm-none-eabi/lib/thumb/v7e-m+fp/hard/libc.a(lib_a-fflush.o)
                0x00000000080099d4                __sflush_r
 .text._fflush_r
                0x0000000008009af0       0x4a /home/florianfrank/.eclipse/com.st.stm32cube.ide.mcu.rcp.product_1.5.0_1935173080_linux_gtk_x86_64/plugins/com.st.stm32cube.ide.mcu.externaltools.gnu-tools-for-stm32.9-2020-q2-update.linux64_1.5.0.202011040924/tools/bin/../lib/gcc/arm-none-eabi/9.3.1/../../../../arm-none-eabi/lib/thumb/v7e-m+fp/hard/libc.a(lib_a-fflush.o)
                0x0000000008009af0                _fflush_r
 *fill*         0x0000000008009b3a        0x2 
 .text.std      0x0000000008009b3c       0x50 /home/florianfrank/.eclipse/com.st.stm32cube.ide.mcu.rcp.product_1.5.0_1935173080_linux_gtk_x86_64/plugins/com.st.stm32cube.ide.mcu.externaltools.gnu-tools-for-stm32.9-2020-q2-update.linux64_1.5.0.202011040924/tools/bin/../lib/gcc/arm-none-eabi/9.3.1/../../../../arm-none-eabi/lib/thumb/v7e-m+fp/hard/libc.a(lib_a-findfp.o)
 .text._cleanup_r
                0x0000000008009b8c        0xc /home/florianfrank/.eclipse/com.st.stm32cube.ide.mcu.rcp.product_1.5.0_1935173080_linux_gtk_x86_64/plugins/com.st.stm32cube.ide.mcu.externaltools.gnu-tools-for-stm32.9-2020-q2-update.linux64_1.5.0.202011040924/tools/bin/../lib/gcc/arm-none-eabi/9.3.1/../../../../arm-none-eabi/lib/thumb/v7e-m+fp/hard/libc.a(lib_a-findfp.o)
                0x0000000008009b8c                _cleanup_r
 .text.__sfp_lock_acquire
                0x0000000008009b98        0xc /home/florianfrank/.eclipse/com.st.stm32cube.ide.mcu.rcp.product_1.5.0_1935173080_linux_gtk_x86_64/plugins/com.st.stm32cube.ide.mcu.externaltools.gnu-tools-for-stm32.9-2020-q2-update.linux64_1.5.0.202011040924/tools/bin/../lib/gcc/arm-none-eabi/9.3.1/../../../../arm-none-eabi/lib/thumb/v7e-m+fp/hard/libc.a(lib_a-findfp.o)
                0x0000000008009b98                __sfp_lock_acquire
 .text.__sfp_lock_release
                0x0000000008009ba4        0xc /home/florianfrank/.eclipse/com.st.stm32cube.ide.mcu.rcp.product_1.5.0_1935173080_linux_gtk_x86_64/plugins/com.st.stm32cube.ide.mcu.externaltools.gnu-tools-for-stm32.9-2020-q2-update.linux64_1.5.0.202011040924/tools/bin/../lib/gcc/arm-none-eabi/9.3.1/../../../../arm-none-eabi/lib/thumb/v7e-m+fp/hard/libc.a(lib_a-findfp.o)
                0x0000000008009ba4                __sfp_lock_release
 .text.__sinit_lock_acquire
                0x0000000008009bb0        0xc /home/florianfrank/.eclipse/com.st.stm32cube.ide.mcu.rcp.product_1.5.0_1935173080_linux_gtk_x86_64/plugins/com.st.stm32cube.ide.mcu.externaltools.gnu-tools-for-stm32.9-2020-q2-update.linux64_1.5.0.202011040924/tools/bin/../lib/gcc/arm-none-eabi/9.3.1/../../../../arm-none-eabi/lib/thumb/v7e-m+fp/hard/libc.a(lib_a-findfp.o)
                0x0000000008009bb0                __sinit_lock_acquire
 .text.__sinit_lock_release
                0x0000000008009bbc        0xc /home/florianfrank/.eclipse/com.st.stm32cube.ide.mcu.rcp.product_1.5.0_1935173080_linux_gtk_x86_64/plugins/com.st.stm32cube.ide.mcu.externaltools.gnu-tools-for-stm32.9-2020-q2-update.linux64_1.5.0.202011040924/tools/bin/../lib/gcc/arm-none-eabi/9.3.1/../../../../arm-none-eabi/lib/thumb/v7e-m+fp/hard/libc.a(lib_a-findfp.o)
                0x0000000008009bbc                __sinit_lock_release
 .text.__sinit  0x0000000008009bc8       0x50 /home/florianfrank/.eclipse/com.st.stm32cube.ide.mcu.rcp.product_1.5.0_1935173080_linux_gtk_x86_64/plugins/com.st.stm32cube.ide.mcu.externaltools.gnu-tools-for-stm32.9-2020-q2-update.linux64_1.5.0.202011040924/tools/bin/../lib/gcc/arm-none-eabi/9.3.1/../../../../arm-none-eabi/lib/thumb/v7e-m+fp/hard/libc.a(lib_a-findfp.o)
                0x0000000008009bc8                __sinit
 .text.__libc_fini_array
                0x0000000008009c18       0x28 /home/florianfrank/.eclipse/com.st.stm32cube.ide.mcu.rcp.product_1.5.0_1935173080_linux_gtk_x86_64/plugins/com.st.stm32cube.ide.mcu.externaltools.gnu-tools-for-stm32.9-2020-q2-update.linux64_1.5.0.202011040924/tools/bin/../lib/gcc/arm-none-eabi/9.3.1/../../../../arm-none-eabi/lib/thumb/v7e-m+fp/hard/libc.a(lib_a-fini.o)
                0x0000000008009c18                __libc_fini_array
 .text._malloc_trim_r
                0x0000000008009c40       0xa8 /home/florianfrank/.eclipse/com.st.stm32cube.ide.mcu.rcp.product_1.5.0_1935173080_linux_gtk_x86_64/plugins/com.st.stm32cube.ide.mcu.externaltools.gnu-tools-for-stm32.9-2020-q2-update.linux64_1.5.0.202011040924/tools/bin/../lib/gcc/arm-none-eabi/9.3.1/../../../../arm-none-eabi/lib/thumb/v7e-m+fp/hard/libc.a(lib_a-freer.o)
                0x0000000008009c40                _malloc_trim_r
 .text._free_r  0x0000000008009ce8      0x180 /home/florianfrank/.eclipse/com.st.stm32cube.ide.mcu.rcp.product_1.5.0_1935173080_linux_gtk_x86_64/plugins/com.st.stm32cube.ide.mcu.externaltools.gnu-tools-for-stm32.9-2020-q2-update.linux64_1.5.0.202011040924/tools/bin/../lib/gcc/arm-none-eabi/9.3.1/../../../../arm-none-eabi/lib/thumb/v7e-m+fp/hard/libc.a(lib_a-freer.o)
                0x0000000008009ce8                _free_r
 .text._fwalk_reent
                0x0000000008009e68       0x3e /home/florianfrank/.eclipse/com.st.stm32cube.ide.mcu.rcp.product_1.5.0_1935173080_linux_gtk_x86_64/plugins/com.st.stm32cube.ide.mcu.externaltools.gnu-tools-for-stm32.9-2020-q2-update.linux64_1.5.0.202011040924/tools/bin/../lib/gcc/arm-none-eabi/9.3.1/../../../../arm-none-eabi/lib/thumb/v7e-m+fp/hard/libc.a(lib_a-fwalk.o)
                0x0000000008009e68                _fwalk_reent
 *fill*         0x0000000008009ea6        0x2 
 .text._localeconv_r
                0x0000000008009ea8        0x8 /home/florianfrank/.eclipse/com.st.stm32cube.ide.mcu.rcp.product_1.5.0_1935173080_linux_gtk_x86_64/plugins/com.st.stm32cube.ide.mcu.externaltools.gnu-tools-for-stm32.9-2020-q2-update.linux64_1.5.0.202011040924/tools/bin/../lib/gcc/arm-none-eabi/9.3.1/../../../../arm-none-eabi/lib/thumb/v7e-m+fp/hard/libc.a(lib_a-localeconv.o)
                0x0000000008009ea8                _localeconv_r
 .text.__retarget_lock_init_recursive
                0x0000000008009eb0        0x2 /home/florianfrank/.eclipse/com.st.stm32cube.ide.mcu.rcp.product_1.5.0_1935173080_linux_gtk_x86_64/plugins/com.st.stm32cube.ide.mcu.externaltools.gnu-tools-for-stm32.9-2020-q2-update.linux64_1.5.0.202011040924/tools/bin/../lib/gcc/arm-none-eabi/9.3.1/../../../../arm-none-eabi/lib/thumb/v7e-m+fp/hard/libc.a(lib_a-lock.o)
                0x0000000008009eb0                __retarget_lock_init_recursive
 .text.__retarget_lock_close_recursive
                0x0000000008009eb2        0x2 /home/florianfrank/.eclipse/com.st.stm32cube.ide.mcu.rcp.product_1.5.0_1935173080_linux_gtk_x86_64/plugins/com.st.stm32cube.ide.mcu.externaltools.gnu-tools-for-stm32.9-2020-q2-update.linux64_1.5.0.202011040924/tools/bin/../lib/gcc/arm-none-eabi/9.3.1/../../../../arm-none-eabi/lib/thumb/v7e-m+fp/hard/libc.a(lib_a-lock.o)
                0x0000000008009eb2                __retarget_lock_close_recursive
 .text.__retarget_lock_acquire_recursive
                0x0000000008009eb4        0x2 /home/florianfrank/.eclipse/com.st.stm32cube.ide.mcu.rcp.product_1.5.0_1935173080_linux_gtk_x86_64/plugins/com.st.stm32cube.ide.mcu.externaltools.gnu-tools-for-stm32.9-2020-q2-update.linux64_1.5.0.202011040924/tools/bin/../lib/gcc/arm-none-eabi/9.3.1/../../../../arm-none-eabi/lib/thumb/v7e-m+fp/hard/libc.a(lib_a-lock.o)
                0x0000000008009eb4                __retarget_lock_acquire_recursive
 .text.__retarget_lock_release_recursive
                0x0000000008009eb6        0x2 /home/florianfrank/.eclipse/com.st.stm32cube.ide.mcu.rcp.product_1.5.0_1935173080_linux_gtk_x86_64/plugins/com.st.stm32cube.ide.mcu.externaltools.gnu-tools-for-stm32.9-2020-q2-update.linux64_1.5.0.202011040924/tools/bin/../lib/gcc/arm-none-eabi/9.3.1/../../../../arm-none-eabi/lib/thumb/v7e-m+fp/hard/libc.a(lib_a-lock.o)
                0x0000000008009eb6                __retarget_lock_release_recursive
 .text.__swhatbuf_r
                0x0000000008009eb8       0x56 /home/florianfrank/.eclipse/com.st.stm32cube.ide.mcu.rcp.product_1.5.0_1935173080_linux_gtk_x86_64/plugins/com.st.stm32cube.ide.mcu.externaltools.gnu-tools-for-stm32.9-2020-q2-update.linux64_1.5.0.202011040924/tools/bin/../lib/gcc/arm-none-eabi/9.3.1/../../../../arm-none-eabi/lib/thumb/v7e-m+fp/hard/libc.a(lib_a-makebuf.o)
                0x0000000008009eb8                __swhatbuf_r
 *fill*         0x0000000008009f0e        0x2 
 .text.__smakebuf_r
                0x0000000008009f10       0x80 /home/florianfrank/.eclipse/com.st.stm32cube.ide.mcu.rcp.product_1.5.0_1935173080_linux_gtk_x86_64/plugins/com.st.stm32cube.ide.mcu.externaltools.gnu-tools-for-stm32.9-2020-q2-update.linux64_1.5.0.202011040924/tools/bin/../lib/gcc/arm-none-eabi/9.3.1/../../../../arm-none-eabi/lib/thumb/v7e-m+fp/hard/libc.a(lib_a-makebuf.o)
                0x0000000008009f10                __smakebuf_r
 .text._malloc_r
                0x0000000008009f90      0x484 /home/florianfrank/.eclipse/com.st.stm32cube.ide.mcu.rcp.product_1.5.0_1935173080_linux_gtk_x86_64/plugins/com.st.stm32cube.ide.mcu.externaltools.gnu-tools-for-stm32.9-2020-q2-update.linux64_1.5.0.202011040924/tools/bin/../lib/gcc/arm-none-eabi/9.3.1/../../../../arm-none-eabi/lib/thumb/v7e-m+fp/hard/libc.a(lib_a-mallocr.o)
                0x0000000008009f90                _malloc_r
 .text.__malloc_lock
                0x000000000800a414        0xc /home/florianfrank/.eclipse/com.st.stm32cube.ide.mcu.rcp.product_1.5.0_1935173080_linux_gtk_x86_64/plugins/com.st.stm32cube.ide.mcu.externaltools.gnu-tools-for-stm32.9-2020-q2-update.linux64_1.5.0.202011040924/tools/bin/../lib/gcc/arm-none-eabi/9.3.1/../../../../arm-none-eabi/lib/thumb/v7e-m+fp/hard/libc.a(lib_a-mlock.o)
                0x000000000800a414                __malloc_lock
 .text.__malloc_unlock
                0x000000000800a420        0xc /home/florianfrank/.eclipse/com.st.stm32cube.ide.mcu.rcp.product_1.5.0_1935173080_linux_gtk_x86_64/plugins/com.st.stm32cube.ide.mcu.externaltools.gnu-tools-for-stm32.9-2020-q2-update.linux64_1.5.0.202011040924/tools/bin/../lib/gcc/arm-none-eabi/9.3.1/../../../../arm-none-eabi/lib/thumb/v7e-m+fp/hard/libc.a(lib_a-mlock.o)
                0x000000000800a420                __malloc_unlock
 .text._Balloc  0x000000000800a42c       0x4a /home/florianfrank/.eclipse/com.st.stm32cube.ide.mcu.rcp.product_1.5.0_1935173080_linux_gtk_x86_64/plugins/com.st.stm32cube.ide.mcu.externaltools.gnu-tools-for-stm32.9-2020-q2-update.linux64_1.5.0.202011040924/tools/bin/../lib/gcc/arm-none-eabi/9.3.1/../../../../arm-none-eabi/lib/thumb/v7e-m+fp/hard/libc.a(lib_a-mprec.o)
                0x000000000800a42c                _Balloc
 .text._Bfree   0x000000000800a476       0x12 /home/florianfrank/.eclipse/com.st.stm32cube.ide.mcu.rcp.product_1.5.0_1935173080_linux_gtk_x86_64/plugins/com.st.stm32cube.ide.mcu.externaltools.gnu-tools-for-stm32.9-2020-q2-update.linux64_1.5.0.202011040924/tools/bin/../lib/gcc/arm-none-eabi/9.3.1/../../../../arm-none-eabi/lib/thumb/v7e-m+fp/hard/libc.a(lib_a-mprec.o)
                0x000000000800a476                _Bfree
 .text.__multadd
                0x000000000800a488       0x94 /home/florianfrank/.eclipse/com.st.stm32cube.ide.mcu.rcp.product_1.5.0_1935173080_linux_gtk_x86_64/plugins/com.st.stm32cube.ide.mcu.externaltools.gnu-tools-for-stm32.9-2020-q2-update.linux64_1.5.0.202011040924/tools/bin/../lib/gcc/arm-none-eabi/9.3.1/../../../../arm-none-eabi/lib/thumb/v7e-m+fp/hard/libc.a(lib_a-mprec.o)
                0x000000000800a488                __multadd
 .text.__hi0bits
                0x000000000800a51c       0x40 /home/florianfrank/.eclipse/com.st.stm32cube.ide.mcu.rcp.product_1.5.0_1935173080_linux_gtk_x86_64/plugins/com.st.stm32cube.ide.mcu.externaltools.gnu-tools-for-stm32.9-2020-q2-update.linux64_1.5.0.202011040924/tools/bin/../lib/gcc/arm-none-eabi/9.3.1/../../../../arm-none-eabi/lib/thumb/v7e-m+fp/hard/libc.a(lib_a-mprec.o)
                0x000000000800a51c                __hi0bits
 .text.__lo0bits
                0x000000000800a55c       0x60 /home/florianfrank/.eclipse/com.st.stm32cube.ide.mcu.rcp.product_1.5.0_1935173080_linux_gtk_x86_64/plugins/com.st.stm32cube.ide.mcu.externaltools.gnu-tools-for-stm32.9-2020-q2-update.linux64_1.5.0.202011040924/tools/bin/../lib/gcc/arm-none-eabi/9.3.1/../../../../arm-none-eabi/lib/thumb/v7e-m+fp/hard/libc.a(lib_a-mprec.o)
                0x000000000800a55c                __lo0bits
 .text.__i2b    0x000000000800a5bc       0x2c /home/florianfrank/.eclipse/com.st.stm32cube.ide.mcu.rcp.product_1.5.0_1935173080_linux_gtk_x86_64/plugins/com.st.stm32cube.ide.mcu.externaltools.gnu-tools-for-stm32.9-2020-q2-update.linux64_1.5.0.202011040924/tools/bin/../lib/gcc/arm-none-eabi/9.3.1/../../../../arm-none-eabi/lib/thumb/v7e-m+fp/hard/libc.a(lib_a-mprec.o)
                0x000000000800a5bc                __i2b
 .text.__multiply
                0x000000000800a5e8      0x14c /home/florianfrank/.eclipse/com.st.stm32cube.ide.mcu.rcp.product_1.5.0_1935173080_linux_gtk_x86_64/plugins/com.st.stm32cube.ide.mcu.externaltools.gnu-tools-for-stm32.9-2020-q2-update.linux64_1.5.0.202011040924/tools/bin/../lib/gcc/arm-none-eabi/9.3.1/../../../../arm-none-eabi/lib/thumb/v7e-m+fp/hard/libc.a(lib_a-mprec.o)
                0x000000000800a5e8                __multiply
 .text.__pow5mult
                0x000000000800a734       0x80 /home/florianfrank/.eclipse/com.st.stm32cube.ide.mcu.rcp.product_1.5.0_1935173080_linux_gtk_x86_64/plugins/com.st.stm32cube.ide.mcu.externaltools.gnu-tools-for-stm32.9-2020-q2-update.linux64_1.5.0.202011040924/tools/bin/../lib/gcc/arm-none-eabi/9.3.1/../../../../arm-none-eabi/lib/thumb/v7e-m+fp/hard/libc.a(lib_a-mprec.o)
                0x000000000800a734                __pow5mult
 .text.__lshift
                0x000000000800a7b4       0xd8 /home/florianfrank/.eclipse/com.st.stm32cube.ide.mcu.rcp.product_1.5.0_1935173080_linux_gtk_x86_64/plugins/com.st.stm32cube.ide.mcu.externaltools.gnu-tools-for-stm32.9-2020-q2-update.linux64_1.5.0.202011040924/tools/bin/../lib/gcc/arm-none-eabi/9.3.1/../../../../arm-none-eabi/lib/thumb/v7e-m+fp/hard/libc.a(lib_a-mprec.o)
                0x000000000800a7b4                __lshift
 .text.__mcmp   0x000000000800a88c       0x38 /home/florianfrank/.eclipse/com.st.stm32cube.ide.mcu.rcp.product_1.5.0_1935173080_linux_gtk_x86_64/plugins/com.st.stm32cube.ide.mcu.externaltools.gnu-tools-for-stm32.9-2020-q2-update.linux64_1.5.0.202011040924/tools/bin/../lib/gcc/arm-none-eabi/9.3.1/../../../../arm-none-eabi/lib/thumb/v7e-m+fp/hard/libc.a(lib_a-mprec.o)
                0x000000000800a88c                __mcmp
 .text.__mdiff  0x000000000800a8c4      0x110 /home/florianfrank/.eclipse/com.st.stm32cube.ide.mcu.rcp.product_1.5.0_1935173080_linux_gtk_x86_64/plugins/com.st.stm32cube.ide.mcu.externaltools.gnu-tools-for-stm32.9-2020-q2-update.linux64_1.5.0.202011040924/tools/bin/../lib/gcc/arm-none-eabi/9.3.1/../../../../arm-none-eabi/lib/thumb/v7e-m+fp/hard/libc.a(lib_a-mprec.o)
                0x000000000800a8c4                __mdiff
 .text.__d2b    0x000000000800a9d4       0xb8 /home/florianfrank/.eclipse/com.st.stm32cube.ide.mcu.rcp.product_1.5.0_1935173080_linux_gtk_x86_64/plugins/com.st.stm32cube.ide.mcu.externaltools.gnu-tools-for-stm32.9-2020-q2-update.linux64_1.5.0.202011040924/tools/bin/../lib/gcc/arm-none-eabi/9.3.1/../../../../arm-none-eabi/lib/thumb/v7e-m+fp/hard/libc.a(lib_a-mprec.o)
                0x000000000800a9d4                __d2b
 .text.frexp    0x000000000800aa8c       0x70 /home/florianfrank/.eclipse/com.st.stm32cube.ide.mcu.rcp.product_1.5.0_1935173080_linux_gtk_x86_64/plugins/com.st.stm32cube.ide.mcu.externaltools.gnu-tools-for-stm32.9-2020-q2-update.linux64_1.5.0.202011040924/tools/bin/../lib/gcc/arm-none-eabi/9.3.1/../../../../arm-none-eabi/lib/thumb/v7e-m+fp/hard/libc.a(lib_a-s_frexp.o)
                0x000000000800aa8c                frexp
 .text._sbrk_r  0x000000000800aafc       0x20 /home/florianfrank/.eclipse/com.st.stm32cube.ide.mcu.rcp.product_1.5.0_1935173080_linux_gtk_x86_64/plugins/com.st.stm32cube.ide.mcu.externaltools.gnu-tools-for-stm32.9-2020-q2-update.linux64_1.5.0.202011040924/tools/bin/../lib/gcc/arm-none-eabi/9.3.1/../../../../arm-none-eabi/lib/thumb/v7e-m+fp/hard/libc.a(lib_a-sbrkr.o)
                0x000000000800aafc                _sbrk_r
 .text.__sread  0x000000000800ab1c       0x22 /home/florianfrank/.eclipse/com.st.stm32cube.ide.mcu.rcp.product_1.5.0_1935173080_linux_gtk_x86_64/plugins/com.st.stm32cube.ide.mcu.externaltools.gnu-tools-for-stm32.9-2020-q2-update.linux64_1.5.0.202011040924/tools/bin/../lib/gcc/arm-none-eabi/9.3.1/../../../../arm-none-eabi/lib/thumb/v7e-m+fp/hard/libc.a(lib_a-stdio.o)
                0x000000000800ab1c                __sread
 .text.__swrite
                0x000000000800ab3e       0x38 /home/florianfrank/.eclipse/com.st.stm32cube.ide.mcu.rcp.product_1.5.0_1935173080_linux_gtk_x86_64/plugins/com.st.stm32cube.ide.mcu.externaltools.gnu-tools-for-stm32.9-2020-q2-update.linux64_1.5.0.202011040924/tools/bin/../lib/gcc/arm-none-eabi/9.3.1/../../../../arm-none-eabi/lib/thumb/v7e-m+fp/hard/libc.a(lib_a-stdio.o)
                0x000000000800ab3e                __swrite
 .text.__sseek  0x000000000800ab76       0x24 /home/florianfrank/.eclipse/com.st.stm32cube.ide.mcu.rcp.product_1.5.0_1935173080_linux_gtk_x86_64/plugins/com.st.stm32cube.ide.mcu.externaltools.gnu-tools-for-stm32.9-2020-q2-update.linux64_1.5.0.202011040924/tools/bin/../lib/gcc/arm-none-eabi/9.3.1/../../../../arm-none-eabi/lib/thumb/v7e-m+fp/hard/libc.a(lib_a-stdio.o)
                0x000000000800ab76                __sseek
 .text.__sclose
                0x000000000800ab9a        0x8 /home/florianfrank/.eclipse/com.st.stm32cube.ide.mcu.rcp.product_1.5.0_1935173080_linux_gtk_x86_64/plugins/com.st.stm32cube.ide.mcu.externaltools.gnu-tools-for-stm32.9-2020-q2-update.linux64_1.5.0.202011040924/tools/bin/../lib/gcc/arm-none-eabi/9.3.1/../../../../arm-none-eabi/lib/thumb/v7e-m+fp/hard/libc.a(lib_a-stdio.o)
                0x000000000800ab9a                __sclose
 .text.strncpy  0x000000000800aba2       0x26 /home/florianfrank/.eclipse/com.st.stm32cube.ide.mcu.rcp.product_1.5.0_1935173080_linux_gtk_x86_64/plugins/com.st.stm32cube.ide.mcu.externaltools.gnu-tools-for-stm32.9-2020-q2-update.linux64_1.5.0.202011040924/tools/bin/../lib/gcc/arm-none-eabi/9.3.1/../../../../arm-none-eabi/lib/thumb/v7e-m+fp/hard/libc.a(lib_a-strncpy.o)
                0x000000000800aba2                strncpy
 .text.__ssprint_r
                0x000000000800abc8       0xf6 /home/florianfrank/.eclipse/com.st.stm32cube.ide.mcu.rcp.product_1.5.0_1935173080_linux_gtk_x86_64/plugins/com.st.stm32cube.ide.mcu.externaltools.gnu-tools-for-stm32.9-2020-q2-update.linux64_1.5.0.202011040924/tools/bin/../lib/gcc/arm-none-eabi/9.3.1/../../../../arm-none-eabi/lib/thumb/v7e-m+fp/hard/libc.a(lib_a-svfiprintf.o)
                0x000000000800abc8                __ssprint_r
 .text.sysconf  0x000000000800acbe       0x1a /home/florianfrank/.eclipse/com.st.stm32cube.ide.mcu.rcp.product_1.5.0_1935173080_linux_gtk_x86_64/plugins/com.st.stm32cube.ide.mcu.externaltools.gnu-tools-for-stm32.9-2020-q2-update.linux64_1.5.0.202011040924/tools/bin/../lib/gcc/arm-none-eabi/9.3.1/../../../../arm-none-eabi/lib/thumb/v7e-m+fp/hard/libc.a(lib_a-sysconf.o)
                0x000000000800acbe                sysconf
 .text.__sprint_r
                0x000000000800acd8       0x64 /home/florianfrank/.eclipse/com.st.stm32cube.ide.mcu.rcp.product_1.5.0_1935173080_linux_gtk_x86_64/plugins/com.st.stm32cube.ide.mcu.externaltools.gnu-tools-for-stm32.9-2020-q2-update.linux64_1.5.0.202011040924/tools/bin/../lib/gcc/arm-none-eabi/9.3.1/../../../../arm-none-eabi/lib/thumb/v7e-m+fp/hard/libc.a(lib_a-vfiprintf.o)
                0x000000000800acd8                __sprint_r
 .text._vfiprintf_r
                0x000000000800ad3c      0x910 /home/florianfrank/.eclipse/com.st.stm32cube.ide.mcu.rcp.product_1.5.0_1935173080_linux_gtk_x86_64/plugins/com.st.stm32cube.ide.mcu.externaltools.gnu-tools-for-stm32.9-2020-q2-update.linux64_1.5.0.202011040924/tools/bin/../lib/gcc/arm-none-eabi/9.3.1/../../../../arm-none-eabi/lib/thumb/v7e-m+fp/hard/libc.a(lib_a-vfiprintf.o)
                0x000000000800ad3c                _vfiprintf_r
 .text.__sbprintf
                0x000000000800b64c       0x80 /home/florianfrank/.eclipse/com.st.stm32cube.ide.mcu.rcp.product_1.5.0_1935173080_linux_gtk_x86_64/plugins/com.st.stm32cube.ide.mcu.externaltools.gnu-tools-for-stm32.9-2020-q2-update.linux64_1.5.0.202011040924/tools/bin/../lib/gcc/arm-none-eabi/9.3.1/../../../../arm-none-eabi/lib/thumb/v7e-m+fp/hard/libc.a(lib_a-vfiprintf.o)
 .text._write_r
                0x000000000800b6cc       0x24 /home/florianfrank/.eclipse/com.st.stm32cube.ide.mcu.rcp.product_1.5.0_1935173080_linux_gtk_x86_64/plugins/com.st.stm32cube.ide.mcu.externaltools.gnu-tools-for-stm32.9-2020-q2-update.linux64_1.5.0.202011040924/tools/bin/../lib/gcc/arm-none-eabi/9.3.1/../../../../arm-none-eabi/lib/thumb/v7e-m+fp/hard/libc.a(lib_a-writer.o)
                0x000000000800b6cc                _write_r
 .text.__register_exitproc
                0x000000000800b6f0       0x80 /home/florianfrank/.eclipse/com.st.stm32cube.ide.mcu.rcp.product_1.5.0_1935173080_linux_gtk_x86_64/plugins/com.st.stm32cube.ide.mcu.externaltools.gnu-tools-for-stm32.9-2020-q2-update.linux64_1.5.0.202011040924/tools/bin/../lib/gcc/arm-none-eabi/9.3.1/../../../../arm-none-eabi/lib/thumb/v7e-m+fp/hard/libc.a(lib_a-__atexit.o)
                0x000000000800b6f0                __register_exitproc
 .text.__assert_func
                0x000000000800b770       0x3c /home/florianfrank/.eclipse/com.st.stm32cube.ide.mcu.rcp.product_1.5.0_1935173080_linux_gtk_x86_64/plugins/com.st.stm32cube.ide.mcu.externaltools.gnu-tools-for-stm32.9-2020-q2-update.linux64_1.5.0.202011040924/tools/bin/../lib/gcc/arm-none-eabi/9.3.1/../../../../arm-none-eabi/lib/thumb/v7e-m+fp/hard/libc.a(lib_a-assert.o)
                0x000000000800b770                __assert_func
 .text._calloc_r
                0x000000000800b7ac       0x5a /home/florianfrank/.eclipse/com.st.stm32cube.ide.mcu.rcp.product_1.5.0_1935173080_linux_gtk_x86_64/plugins/com.st.stm32cube.ide.mcu.externaltools.gnu-tools-for-stm32.9-2020-q2-update.linux64_1.5.0.202011040924/tools/bin/../lib/gcc/arm-none-eabi/9.3.1/../../../../arm-none-eabi/lib/thumb/v7e-m+fp/hard/libc.a(lib_a-callocr.o)
                0x000000000800b7ac                _calloc_r
 *fill*         0x000000000800b806        0x2 
 .text._close_r
                0x000000000800b808       0x20 /home/florianfrank/.eclipse/com.st.stm32cube.ide.mcu.rcp.product_1.5.0_1935173080_linux_gtk_x86_64/plugins/com.st.stm32cube.ide.mcu.externaltools.gnu-tools-for-stm32.9-2020-q2-update.linux64_1.5.0.202011040924/tools/bin/../lib/gcc/arm-none-eabi/9.3.1/../../../../arm-none-eabi/lib/thumb/v7e-m+fp/hard/libc.a(lib_a-closer.o)
                0x000000000800b808                _close_r
 .text._fclose_r
                0x000000000800b828       0xae /home/florianfrank/.eclipse/com.st.stm32cube.ide.mcu.rcp.product_1.5.0_1935173080_linux_gtk_x86_64/plugins/com.st.stm32cube.ide.mcu.externaltools.gnu-tools-for-stm32.9-2020-q2-update.linux64_1.5.0.202011040924/tools/bin/../lib/gcc/arm-none-eabi/9.3.1/../../../../arm-none-eabi/lib/thumb/v7e-m+fp/hard/libc.a(lib_a-fclose.o)
                0x000000000800b828                _fclose_r
 *fill*         0x000000000800b8d6        0x2 
 .text.fiprintf
                0x000000000800b8d8       0x24 /home/florianfrank/.eclipse/com.st.stm32cube.ide.mcu.rcp.product_1.5.0_1935173080_linux_gtk_x86_64/plugins/com.st.stm32cube.ide.mcu.externaltools.gnu-tools-for-stm32.9-2020-q2-update.linux64_1.5.0.202011040924/tools/bin/../lib/gcc/arm-none-eabi/9.3.1/../../../../arm-none-eabi/lib/thumb/v7e-m+fp/hard/libc.a(lib_a-fiprintf.o)
                0x000000000800b8d8                fiprintf
 .text.__fputwc
                0x000000000800b8fc       0x82 /home/florianfrank/.eclipse/com.st.stm32cube.ide.mcu.rcp.product_1.5.0_1935173080_linux_gtk_x86_64/plugins/com.st.stm32cube.ide.mcu.externaltools.gnu-tools-for-stm32.9-2020-q2-update.linux64_1.5.0.202011040924/tools/bin/../lib/gcc/arm-none-eabi/9.3.1/../../../../arm-none-eabi/lib/thumb/v7e-m+fp/hard/libc.a(lib_a-fputwc.o)
                0x000000000800b8fc                __fputwc
 .text._fputwc_r
                0x000000000800b97e       0x54 /home/florianfrank/.eclipse/com.st.stm32cube.ide.mcu.rcp.product_1.5.0_1935173080_linux_gtk_x86_64/plugins/com.st.stm32cube.ide.mcu.externaltools.gnu-tools-for-stm32.9-2020-q2-update.linux64_1.5.0.202011040924/tools/bin/../lib/gcc/arm-none-eabi/9.3.1/../../../../arm-none-eabi/lib/thumb/v7e-m+fp/hard/libc.a(lib_a-fputwc.o)
                0x000000000800b97e                _fputwc_r
 *fill*         0x000000000800b9d2        0x2 
 .text._fstat_r
                0x000000000800b9d4       0x24 /home/florianfrank/.eclipse/com.st.stm32cube.ide.mcu.rcp.product_1.5.0_1935173080_linux_gtk_x86_64/plugins/com.st.stm32cube.ide.mcu.externaltools.gnu-tools-for-stm32.9-2020-q2-update.linux64_1.5.0.202011040924/tools/bin/../lib/gcc/arm-none-eabi/9.3.1/../../../../arm-none-eabi/lib/thumb/v7e-m+fp/hard/libc.a(lib_a-fstatr.o)
                0x000000000800b9d4                _fstat_r
 .text.__sfvwrite_r
                0x000000000800b9f8      0x294 /home/florianfrank/.eclipse/com.st.stm32cube.ide.mcu.rcp.product_1.5.0_1935173080_linux_gtk_x86_64/plugins/com.st.stm32cube.ide.mcu.externaltools.gnu-tools-for-stm32.9-2020-q2-update.linux64_1.5.0.202011040924/tools/bin/../lib/gcc/arm-none-eabi/9.3.1/../../../../arm-none-eabi/lib/thumb/v7e-m+fp/hard/libc.a(lib_a-fvwrite.o)
                0x000000000800b9f8                __sfvwrite_r
 .text._isatty_r
                0x000000000800bc8c       0x20 /home/florianfrank/.eclipse/com.st.stm32cube.ide.mcu.rcp.product_1.5.0_1935173080_linux_gtk_x86_64/plugins/com.st.stm32cube.ide.mcu.externaltools.gnu-tools-for-stm32.9-2020-q2-update.linux64_1.5.0.202011040924/tools/bin/../lib/gcc/arm-none-eabi/9.3.1/../../../../arm-none-eabi/lib/thumb/v7e-m+fp/hard/libc.a(lib_a-isattyr.o)
                0x000000000800bc8c                _isatty_r
 .text.__locale_mb_cur_max
                0x000000000800bcac        0xc /home/florianfrank/.eclipse/com.st.stm32cube.ide.mcu.rcp.product_1.5.0_1935173080_linux_gtk_x86_64/plugins/com.st.stm32cube.ide.mcu.externaltools.gnu-tools-for-stm32.9-2020-q2-update.linux64_1.5.0.202011040924/tools/bin/../lib/gcc/arm-none-eabi/9.3.1/../../../../arm-none-eabi/lib/thumb/v7e-m+fp/hard/libc.a(lib_a-locale.o)
                0x000000000800bcac                __locale_mb_cur_max
 .text._lseek_r